../Drivers/Ethernet_W550/wizchip_conf.c:67:9:wizchip_cris_enter	0	static
../Drivers/Ethernet_W550/wizchip_conf.c:100:10:wizchip_bus_readdata	0	static
../Drivers/Ethernet_W550/wizchip_conf.c:111:7:wizchip_bus_writedata	0	static
../Drivers/Ethernet_W550/wizchip_conf.c:129:6:wizchip_bus_read_buf	32	static
../Drivers/Ethernet_W550/wizchip_conf.c:153:6:wizchip_bus_write_buf	32	static
../Drivers/Ethernet_W550/wizchip_conf.c:172:9:wizchip_spi_readbyte	0	static
../Drivers/Ethernet_W550/wizchip_conf.c:182:7:wizchip_spi_writebyte	0	static
../Drivers/Ethernet_W550/wizchip_conf.c:192:7:wizchip_spi_readburst	16	static
../Drivers/Ethernet_W550/wizchip_conf.c:209:7:wizchip_spi_writeburst	16	static
../Drivers/Ethernet_W550/wizchip_conf.c:224:6:wizchip_qspi_read	0	static
../Drivers/Ethernet_W550/wizchip_conf.c:231:6:wizchip_qspi_write	0	static
../Drivers/Ethernet_W550/wizchip_conf.c:75:9:wizchip_cris_exit	0	static
../Drivers/Ethernet_W550/wizchip_conf.c:83:7:wizchip_cs_select	0	static
../Drivers/Ethernet_W550/wizchip_conf.c:91:7:wizchip_cs_deselect	0	static
../Drivers/Ethernet_W550/wizchip_conf.c:289:6:reg_wizchip_cris_cbfunc	0	static
../Drivers/Ethernet_W550/wizchip_conf.c:299:6:reg_wizchip_cs_cbfunc	0	static
../Drivers/Ethernet_W550/wizchip_conf.c:311:6:reg_wizchip_bus_cbfunc	0	static
../Drivers/Ethernet_W550/wizchip_conf.c:336:6:reg_wizchip_busbuf_cbfunc	0	static
../Drivers/Ethernet_W550/wizchip_conf.c:393:6:reg_wizchip_spi_cbfunc	0	static
../Drivers/Ethernet_W550/wizchip_conf.c:407:6:reg_wizchip_spiburst_cbfunc	0	static
../Drivers/Ethernet_W550/wizchip_conf.c:419:6:reg_wizchip_qspi_cbfunc	0	static
../Drivers/Ethernet_W550/wizchip_conf.c:618:6:wizchip_sw_reset	32	static
../Drivers/Ethernet_W550/wizchip_conf.c:675:8:wizchip_init	24	static
../Drivers/Ethernet_W550/wizchip_conf.c:778:6:wizchip_clrinterrupt	16	static
../Drivers/Ethernet_W550/wizchip_conf.c:826:11:wizchip_getinterrupt	8	static
../Drivers/Ethernet_W550/wizchip_conf.c:862:6:wizchip_setinterruptmask	8	static
../Drivers/Ethernet_W550/wizchip_conf.c:890:11:wizchip_getinterruptmask	8	static
../Drivers/Ethernet_W550/wizchip_conf.c:924:8:wizphy_getphylink	8	static
../Drivers/Ethernet_W550/wizchip_conf.c:958:8:wizphy_getphypmode	8	static
../Drivers/Ethernet_W550/wizchip_conf.c:1063:6:wizphy_reset	8	static
../Drivers/Ethernet_W550/wizchip_conf.c:1072:6:wizphy_setphyconf	8	static
../Drivers/Ethernet_W550/wizchip_conf.c:1100:6:wizphy_getphyconf	8	static
../Drivers/Ethernet_W550/wizchip_conf.c:1135:6:wizphy_getphystat	8	static
../Drivers/Ethernet_W550/wizchip_conf.c:1141:8:wizphy_setphypmode	8	static
../Drivers/Ethernet_W550/wizchip_conf.c:433:8:ctlwizchip	16	static
../Drivers/Ethernet_W550/wizchip_conf.c:1380:6:wizchip_setnetinfo	8	static
../Drivers/Ethernet_W550/wizchip_conf.c:1392:6:wizchip_getnetinfo	8	static
../Drivers/Ethernet_W550/wizchip_conf.c:1404:8:wizchip_setnetmode	16	static
../Drivers/Ethernet_W550/wizchip_conf.c:1421:14:wizchip_getnetmode	0	static
../Drivers/Ethernet_W550/wizchip_conf.c:1425:6:wizchip_settimeout	8	static
../Drivers/Ethernet_W550/wizchip_conf.c:1430:6:wizchip_gettimeout	16	static
../Drivers/Ethernet_W550/wizchip_conf.c:578:8:ctlnetwork	8	static
