Archive member included to satisfy reference by file (symbol)

/opt/st/stm32cubeide_2.1.0/plugins/com.st.stm32cube.ide.mcu.externaltools.gnu-tools-for-stm32.14.3.rel1.linux64_1.0.100.202602081740/tools/bin/../lib/gcc/arm-none-eabi/14.3.1/../../../../arm-none-eabi/lib/thumb/v7-m/nofp/libm.a(libm_a-wf_sqrt.o)
                              ./Core/Src/ACS712.o (sqrtf)
/opt/st/stm32cubeide_2.1.0/plugins/com.st.stm32cube.ide.mcu.externaltools.gnu-tools-for-stm32.14.3.rel1.linux64_1.0.100.202602081740/tools/bin/../lib/gcc/arm-none-eabi/14.3.1/../../../../arm-none-eabi/lib/thumb/v7-m/nofp/libm.a(libm_a-ef_sqrt.o)
                              /opt/st/stm32cubeide_2.1.0/plugins/com.st.stm32cube.ide.mcu.externaltools.gnu-tools-for-stm32.14.3.rel1.linux64_1.0.100.202602081740/tools/bin/../lib/gcc/arm-none-eabi/14.3.1/../../../../arm-none-eabi/lib/thumb/v7-m/nofp/libm.a(libm_a-wf_sqrt.o) (__ieee754_sqrtf)
/opt/st/stm32cubeide_2.1.0/plugins/com.st.stm32cube.ide.mcu.externaltools.gnu-tools-for-stm32.14.3.rel1.linux64_1.0.100.202602081740/tools/bin/../lib/gcc/arm-none-eabi/14.3.1/../../../../arm-none-eabi/lib/thumb/v7-m/nofp/libc_nano.a(libc_a-exit.o)
                              /opt/st/stm32cubeide_2.1.0/plugins/com.st.stm32cube.ide.mcu.externaltools.gnu-tools-for-stm32.14.3.rel1.linux64_1.0.100.202602081740/tools/bin/../lib/gcc/arm-none-eabi/14.3.1/../../../../arm-none-eabi/lib/thumb/v7-m/nofp/crt0.o (exit)
/opt/st/stm32cubeide_2.1.0/plugins/com.st.stm32cube.ide.mcu.externaltools.gnu-tools-for-stm32.14.3.rel1.linux64_1.0.100.202602081740/tools/bin/../lib/gcc/arm-none-eabi/14.3.1/../../../../arm-none-eabi/lib/thumb/v7-m/nofp/libc_nano.a(libc_a-nano-vfprintf_float.o)
                              (_printf_float)
/opt/st/stm32cubeide_2.1.0/plugins/com.st.stm32cube.ide.mcu.externaltools.gnu-tools-for-stm32.14.3.rel1.linux64_1.0.100.202602081740/tools/bin/../lib/gcc/arm-none-eabi/14.3.1/../../../../arm-none-eabi/lib/thumb/v7-m/nofp/libc_nano.a(libc_a-nano-vfprintf_i.o)
                              /opt/st/stm32cubeide_2.1.0/plugins/com.st.stm32cube.ide.mcu.externaltools.gnu-tools-for-stm32.14.3.rel1.linux64_1.0.100.202602081740/tools/bin/../lib/gcc/arm-none-eabi/14.3.1/../../../../arm-none-eabi/lib/thumb/v7-m/nofp/libc_nano.a(libc_a-nano-vfprintf_float.o) (_printf_common)
/opt/st/stm32cubeide_2.1.0/plugins/com.st.stm32cube.ide.mcu.externaltools.gnu-tools-for-stm32.14.3.rel1.linux64_1.0.100.202602081740/tools/bin/../lib/gcc/arm-none-eabi/14.3.1/../../../../arm-none-eabi/lib/thumb/v7-m/nofp/libc_nano.a(libc_a-findfp.o)
                              /opt/st/stm32cubeide_2.1.0/plugins/com.st.stm32cube.ide.mcu.externaltools.gnu-tools-for-stm32.14.3.rel1.linux64_1.0.100.202602081740/tools/bin/../lib/gcc/arm-none-eabi/14.3.1/../../../../arm-none-eabi/lib/thumb/v7-m/nofp/libc_nano.a(libc_a-exit.o) (__stdio_exit_handler)
/opt/st/stm32cubeide_2.1.0/plugins/com.st.stm32cube.ide.mcu.externaltools.gnu-tools-for-stm32.14.3.rel1.linux64_1.0.100.202602081740/tools/bin/../lib/gcc/arm-none-eabi/14.3.1/../../../../arm-none-eabi/lib/thumb/v7-m/nofp/libc_nano.a(libc_a-fwalk.o)
                              /opt/st/stm32cubeide_2.1.0/plugins/com.st.stm32cube.ide.mcu.externaltools.gnu-tools-for-stm32.14.3.rel1.linux64_1.0.100.202602081740/tools/bin/../lib/gcc/arm-none-eabi/14.3.1/../../../../arm-none-eabi/lib/thumb/v7-m/nofp/libc_nano.a(libc_a-findfp.o) (_fwalk_sglue)
/opt/st/stm32cubeide_2.1.0/plugins/com.st.stm32cube.ide.mcu.externaltools.gnu-tools-for-stm32.14.3.rel1.linux64_1.0.100.202602081740/tools/bin/../lib/gcc/arm-none-eabi/14.3.1/../../../../arm-none-eabi/lib/thumb/v7-m/nofp/libc_nano.a(libc_a-printf.o)
                              ./Drivers/Ethernet_W550/wizchip_port.o (printf)
/opt/st/stm32cubeide_2.1.0/plugins/com.st.stm32cube.ide.mcu.externaltools.gnu-tools-for-stm32.14.3.rel1.linux64_1.0.100.202602081740/tools/bin/../lib/gcc/arm-none-eabi/14.3.1/../../../../arm-none-eabi/lib/thumb/v7-m/nofp/libc_nano.a(libc_a-puts.o)
                              ./Drivers/Ethernet_W550/wizchip_port.o (puts)
/opt/st/stm32cubeide_2.1.0/plugins/com.st.stm32cube.ide.mcu.externaltools.gnu-tools-for-stm32.14.3.rel1.linux64_1.0.100.202602081740/tools/bin/../lib/gcc/arm-none-eabi/14.3.1/../../../../arm-none-eabi/lib/thumb/v7-m/nofp/libc_nano.a(libc_a-stdio.o)
                              /opt/st/stm32cubeide_2.1.0/plugins/com.st.stm32cube.ide.mcu.externaltools.gnu-tools-for-stm32.14.3.rel1.linux64_1.0.100.202602081740/tools/bin/../lib/gcc/arm-none-eabi/14.3.1/../../../../arm-none-eabi/lib/thumb/v7-m/nofp/libc_nano.a(libc_a-findfp.o) (__sread)
/opt/st/stm32cubeide_2.1.0/plugins/com.st.stm32cube.ide.mcu.externaltools.gnu-tools-for-stm32.14.3.rel1.linux64_1.0.100.202602081740/tools/bin/../lib/gcc/arm-none-eabi/14.3.1/../../../../arm-none-eabi/lib/thumb/v7-m/nofp/libc_nano.a(libc_a-wbuf.o)
[...]
Memory Configuration

Name             Origin             Length             Attributes
RAM              0x20000000         0x00005000         xrw
FLASH            0x08000000         0x00010000         xr
*default*        0x00000000         0xffffffff

Linker script and memory map

LOAD /opt/st/stm32cubeide_2.1.0/plugins/com.st.stm32cube.ide.mcu.externaltools.gnu-tools-for-stm32.14.3.rel1.linux64_1.0.100.202602081740/tools/bin/../lib/gcc/arm-none-eabi/14.3.1/thumb/v7-m/nofp/crti.o
LOAD /opt/st/stm32cubeide_2.1.0/plugins/com.st.stm32cube.ide.mcu.externaltools.gnu-tools-for-stm32.14.3.rel1.linux64_1.0.100.202602081740/tools/bin/../lib/gcc/arm-none-eabi/14.3.1/thumb/v7-m/nofp/crtbegin.o
LOAD /opt/st/stm32cubeide_2.1.0/plugins/com.st.stm32cube.ide.mcu.externaltools.gnu-tools-for-stm32.14.3.rel1.linux64_1.0.100.202602081740/tools/bin/../lib/gcc/arm-none-eabi/14.3.1/../../../../arm-none-eabi/lib/thumb/v7-m/nofp/crt0.o
LOAD ./Core/Src/ACS712.o
LOAD ./Core/Src/AC_Socket_Control.o
LOAD ./Core/Src/Ethernet.o
LOAD ./Core/Src/INA219.o
LOAD ./Core/Src/Process.o
LOAD ./Core/Src/USB_Data_Transreciver.o
LOAD ./Core/Src/adc.o
LOAD ./Core/Src/gpio.o
LOAD ./Core/Src/i2c.o
LOAD ./Core/Src/main.o
LOAD ./Core/Src/spi.o
LOAD ./Core/Src/stm32f1xx_hal_msp.o
LOAD ./Core/Src/stm32f1xx_it.o
LOAD ./Core/Src/syscalls.o
LOAD ./Core/Src/sysmem.o
LOAD ./Core/Src/system_stm32f1xx.o
LOAD ./Core/Src/tim.o
LOAD ./Core/Src/usart.o
LOAD ./Core/Startup/startup_stm32f103c8tx.o
LOAD ./Drivers/Ethernet_W550/DHCP/dhcp.o
LOAD ./Drivers/Ethernet_W550/DNS/dns.o
LOAD ./Drivers/Ethernet_W550/W5500/w5500.o
LOAD ./Drivers/Ethernet_W550/socket.o
LOAD ./Drivers/Ethernet_W550/wizchip_conf.o
LOAD ./Drivers/Ethernet_W550/wizchip_port.o
LOAD ./Drivers/STM32F1xx_HAL_Driver/Src/stm32f1xx_hal.o
LOAD ./Drivers/STM32F1xx_HAL_Driver/Src/stm32f1xx_hal_adc.o
LOAD ./Drivers/STM32F1xx_HAL_Driver/Src/stm32f1xx_hal_adc_ex.o
LOAD ./Drivers/STM32F1xx_HAL_Driver/Src/stm32f1xx_hal_cortex.o
LOAD ./Drivers/STM32F1xx_HAL_Driver/Src/stm32f1xx_hal_dma.o
LOAD ./Drivers/STM32F1xx_HAL_Driver/Src/stm32f1xx_hal_exti.o
LOAD ./Drivers/STM32F1xx_HAL_Driver/Src/stm32f1xx_hal_flash.o
LOAD ./Drivers/STM32F1xx_HAL_Driver/Src/stm32f1xx_hal_flash_ex.o
LOAD ./Drivers/STM32F1xx_HAL_Driver/Src/stm32f1xx_hal_gpio.o
LOAD ./Drivers/STM32F1xx_HAL_Driver/Src/stm32f1xx_hal_gpio_ex.o
LOAD ./Drivers/STM32F1xx_HAL_Driver/Src/stm32f1xx_hal_i2c.o
LOAD ./Drivers/STM32F1xx_HAL_Driver/Src/stm32f1xx_hal_pcd.o
LOAD ./Drivers/STM32F1xx_HAL_Driver/Src/stm32f1xx_hal_pcd_ex.o
LOAD ./Drivers/STM32F1xx_HAL_Driver/Src/stm32f1xx_hal_pwr.o
LOAD ./Drivers/STM32F1xx_HAL_Driver/Src/stm32f1xx_hal_rcc.o
LOAD ./Drivers/STM32F1xx_HAL_Driver/Src/stm32f1xx_hal_rcc_ex.o
LOAD ./Drivers/STM32F1xx_HAL_Driver/Src/stm32f1xx_hal_spi.o
LOAD ./Drivers/STM32F1xx_HAL_Driver/Src/stm32f1xx_hal_tim.o
LOAD ./Drivers/STM32F1xx_HAL_Driver/Src/stm32f1xx_hal_tim_ex.o
LOAD ./Drivers/STM32F1xx_HAL_Driver/Src/stm32f1xx_hal_uart.o
LOAD ./Drivers/STM32F1xx_HAL_Driver/Src/stm32f1xx_ll_usb.o
LOAD ./Middlewares/ST/STM32_USB_Device_Library/Class/CDC/Src/usbd_cdc.o
LOAD ./Middlewares/ST/STM32_USB_Device_Library/Core/Src/usbd_core.o
LOAD ./Middlewares/ST/STM32_USB_Device_Library/Core/Src/usbd_ctlreq.o
LOAD ./Middlewares/ST/STM32_USB_Device_Library/Core/Src/usbd_ioreq.o
LOAD ./USB_DEVICE/App/usb_device.o
LOAD ./USB_DEVICE/App/usbd_cdc_if.o
LOAD ./USB_DEVICE/App/usbd_desc.o
LOAD ./USB_DEVICE/Target/usbd_conf.o
START GROUP
LOAD /opt/st/stm32cubeide_2.1.0/plugins/com.st.stm32cube.ide.mcu.externaltools.gnu-tools-for-stm32.14.3.rel1.linux64_1.0.100.202602081740/tools/bin/../lib/gcc/arm-none-eabi/14.3.1/../../../../arm-none-eabi/lib/thumb/v7-m/nofp/libstdc++_nano.a
LOAD /opt/st/stm32cubeide_2.1.0/plugins/com.st.stm32cube.ide.mcu.externaltools.gnu-tools-for-stm32.14.3.rel1.linux64_1.0.100.202602081740/tools/bin/../lib/gcc/arm-none-eabi/14.3.1/../../../../arm-none-eabi/lib/thumb/v7-m/nofp/libsupc++_nano.a
END GROUP
LOAD /opt/st/stm32cubeide_2.1.0/plugins/com.st.stm32cube.ide.mcu.externaltools.gnu-tools-for-stm32.14.3.rel1.linux64_1.0.100.202602081740/tools/bin/../lib/gcc/arm-none-eabi/14.3.1/../../../../arm-none-eabi/lib/thumb/v7-m/nofp/libstdc++_nano.a
LOAD /opt/st/stm32cubeide_2.1.0/plugins/com.st.stm32cube.ide.mcu.externaltools.gnu-tools-for-stm32.14.3.rel1.linux64_1.0.100.202602081740/tools/bin/../lib/gcc/arm-none-eabi/14.3.1/../../../../arm-none-eabi/lib/thumb/v7-m/nofp/libm.a
LOAD /opt/st/stm32cubeide_2.1.0/plugins/com.st.stm32cube.ide.mcu.externaltools.gnu-tools-for-stm32.14.3.rel1.linux64_1.0.100.202602081740/tools/bin/../lib/gcc/arm-none-eabi/14.3.1/../../../../arm-none-eabi/lib/thumb/v7-m/nofp/libc_nano.a
START GROUP
LOAD /opt/st/stm32cubeide_2.1.0/plugins/com.st.stm32cube.ide.mcu.externaltools.gnu-tools-for-stm32.14.3.rel1.linux64_1.0.100.202602081740/tools/bin/../lib/gcc/arm-none-eabi/14.3.1/thumb/v7-m/nofp/libgcc.a
LOAD /opt/st/stm32cubeide_2.1.0/plugins/com.st.stm32cube.ide.mcu.externaltools.gnu-tools-for-stm32.14.3.rel1.linux64_1.0.100.202602081740/tools/bin/../lib/gcc/arm-none-eabi/14.3.1/../../../../arm-none-eabi/lib/thumb/v7-m/nofp/libc_nano.a
END GROUP
START GROUP
LOAD /opt/st/stm32cubeide_2.1.0/plugins/com.st.stm32cube.ide.mcu.externaltools.gnu-tools-for-stm32.14.3.rel1.linux64_1.0.100.202602081740/tools/bin/../lib/gcc/arm-none-eabi/14.3.1/thumb/v7-m/nofp/libgcc.a
LOAD /opt/st/stm32cubeide_2.1.0/plugins/com.st.stm32cube.ide.mcu.externaltools.gnu-tools-for-stm32.14.3.rel1.linux64_1.0.100.202602081740/tools/bin/../lib/gcc/arm-none-eabi/14.3.1/../../../../arm-none-eabi/lib/thumb/v7-m/nofp/libc_nano.a
END GROUP
LOAD /opt/st/stm32cubeide_2.1.0/plugins/com.st.stm32cube.ide.mcu.externaltools.gnu-tools-for-stm32.14.3.rel1.linux64_1.0.100.202602081740/tools/bin/../lib/gcc/arm-none-eabi/14.3.1/thumb/v7-m/nofp/crtend.o
LOAD /opt/st/stm32cubeide_2.1.0/plugins/com.st.stm32cube.ide.mcu.externaltools.gnu-tools-for-stm32.14.3.rel1.linux64_1.0.100.202602081740/tools/bin/../lib/gcc/arm-none-eabi/14.3.1/thumb/v7-m/nofp/crtn.o
                0x20005000                        _estack = (ORIGIN (RAM) + LENGTH (RAM))
                0x00000200                        _Min_Heap_Size = 0x200
                0x00000400                        _Min_Stack_Size = 0x400

.isr_vector     0x08000000      0x10c
                0x08000000                        . = ALIGN (0x4)
 *(.isr_vector)
 .isr_vector    0x08000000      0x10c ./Core/Startup/startup_stm32f103c8tx.o
                0x08000000                g_pfnVectors
                0x0800010c                        . = ALIGN (0x4)

.text           0x08000110     0xa9cc
                0x08000110                        . = ALIGN (0x4)
 *(.text)
 .text          0x08000110       0x40 /opt/st/stm32cubeide_2.1.0/plugins/com.st.stm32cube.ide.mcu.externaltools.gnu-tools-for-stm32.14.3.rel1.linux64_1.0.100.202602081740/tools/bin/../lib/gcc/arm-none-eabi/14.3.1/thumb/v7-m/nofp/crtbegin.o
 .text          0x08000150       0x10 /opt/st/stm32cubeide_2.1.0/plugins/com.st.stm32cube.ide.mcu.externaltools.gnu-tools-for-stm32.14.3.rel1.linux64_1.0.100.202602081740/tools/bin/../lib/gcc/arm-none-eabi/14.3.1/../../../../arm-none-eabi/lib/thumb/v7-m/nofp/libc_nano.a(libc_a-strlen.o)
                0x08000150                strlen
 .text          0x08000160      0x378 /opt/st/stm32cubeide_2.1.0/plugins/com.st.stm32cube.ide.mcu.externaltools.gnu-tools-for-stm32.14.3.rel1.linux64_1.0.100.202602081740/tools/bin/../lib/gcc/arm-none-eabi/14.3.1/thumb/v7-m/nofp/libgcc.a(_arm_addsubdf3.o)
                0x08000160                __aeabi_drsub
                0x08000168                __aeabi_dsub
                0x08000168                __subdf3
                0x0800016c                __adddf3
                0x0800016c                __aeabi_dadd
                0x080003e4                __aeabi_ui2d
                0x080003e4                __floatunsidf
                0x08000404                __floatsidf
                0x08000404                __aeabi_i2d
                0x08000428                __extendsfdf2
                0x08000428                __aeabi_f2d
                0x0800046c                __aeabi_ul2d
                0x0800046c                __floatundidf
                0x0800047c                __floatdidf
                0x0800047c                __aeabi_l2d
 .text          0x080004d8      0x424 /opt/st/stm32cubeide_2.1.0/plugins/com.st.stm32cube.ide.mcu.externaltools.gnu-tools-for-stm32.14.3.rel1.linux64_1.0.100.202602081740/tools/bin/../lib/gcc/arm-none-eabi/14.3.1/thumb/v7-m/nofp/libgcc.a(_arm_muldivdf3.o)
                0x080004d8                __aeabi_dmul
                0x080004d8                __muldf3
                0x0800072c                __aeabi_ddiv
                0x0800072c                __divdf3
 .text          0x080008fc      0x110 /opt/st/stm32cubeide_2.1.0/plugins/com.st.stm32cube.ide.mcu.externaltools.gnu-tools-for-stm32.14.3.rel1.linux64_1.0.100.202602081740/tools/bin/../lib/gcc/arm-none-eabi/14.3.1/thumb/v7-m/nofp/libgcc.a(_arm_cmpdf2.o)
                0x080008fc                __gtdf2
                0x080008fc                __gedf2
                0x08000904                __ltdf2
                0x08000904                __ledf2
                0x0800090c                __cmpdf2
                0x0800090c                __eqdf2
                0x0800090c                __nedf2
                0x08000988                __aeabi_cdrcmple
                0x08000998                __aeabi_cdcmple
                0x08000998                __aeabi_cdcmpeq
                0x080009a8                __aeabi_dcmpeq
                0x080009bc                __aeabi_dcmplt
                0x080009d0                __aeabi_dcmple
                0x080009e4                __aeabi_dcmpge
                0x080009f8                __aeabi_dcmpgt
 .text          0x08000a0c       0x2c /opt/st/stm32cubeide_2.1.0/plugins/com.st.stm32cube.ide.mcu.externaltools.gnu-tools-for-stm32.14.3.rel1.linux64_1.0.100.202602081740/tools/bin/../lib/gcc/arm-none-eabi/14.3.1/thumb/v7-m/nofp/libgcc.a(_arm_unorddf2.o)
                0x08000a0c                __aeabi_dcmpun
                0x08000a0c                __unorddf2
 .text          0x08000a38       0x50 /opt/st/stm32cubeide_2.1.0/plugins/com.st.stm32cube.ide.mcu.externaltools.gnu-tools-for-stm32.14.3.rel1.linux64_1.0.100.202602081740/tools/bin/../lib/gcc/arm-none-eabi/14.3.1/thumb/v7-m/nofp/libgcc.a(_arm_fixdfsi.o)
                0x08000a38                __fixdfsi
                0x08000a38                __aeabi_d2iz
 .text          0x08000a88      0x21c /opt/st/stm32cubeide_2.1.0/plugins/com.st.stm32cube.ide.mcu.externaltools.gnu-tools-for-stm32.14.3.rel1.linux64_1.0.100.202602081740/tools/bin/../lib/gcc/arm-none-eabi/14.3.1/thumb/v7-m/nofp/libgcc.a(_arm_addsubsf3.o)
                0x08000a88                __aeabi_frsub
                0x08000a90                __subsf3
                0x08000a90                __aeabi_fsub
                0x08000a94                __aeabi_fadd
                0x08000a94                __addsf3
                0x08000bf4                __aeabi_ui2f
                0x08000bf4                __floatunsisf
                0x08000bfc                __aeabi_i2f
                0x08000bfc                __floatsisf
                0x08000c18                __floatundisf
                0x08000c18                __aeabi_ul2f
                0x08000c28                __floatdisf
                0x08000c28                __aeabi_l2f
 .text          0x08000ca4      0x2a0 /opt/st/stm32cubeide_2.1.0/plugins/com.st.stm32cube.ide.mcu.externaltools.gnu-tools-for-stm32.14.3.rel1.linux64_1.0.100.202602081740/tools/bin/../lib/gcc/arm-none-eabi/14.3.1/thumb/v7-m/nofp/libgcc.a(_arm_muldivsf3.o)
                0x08000ca4                __mulsf3
                0x08000ca4                __aeabi_fmul
                0x08000e0c                __divsf3
                0x08000e0c                __aeabi_fdiv
 .text          0x08000f44       0xec /opt/st/stm32cubeide_2.1.0/plugins/com.st.stm32cube.ide.mcu.externaltools.gnu-tools-for-stm32.14.3.rel1.linux64_1.0.100.202602081740/tools/bin/../lib/gcc/arm-none-eabi/14.3.1/thumb/v7-m/nofp/libgcc.a(_arm_cmpsf2.o)
                0x08000f44                __gtsf2
                0x08000f44                __gesf2
                0x08000f4c                __lesf2
                0x08000f4c                __ltsf2
                0x08000f54                __nesf2
                0x08000f54                __eqsf2
                0x08000f54                __cmpsf2
                0x08000fb4                __aeabi_cfrcmple
                0x08000fbc                __aeabi_cfcmple
                0x08000fbc                __aeabi_cfcmpeq
                0x08000fcc                __aeabi_fcmpeq
                0x08000fe0                __aeabi_fcmplt
                0x08000ff4                __aeabi_fcmple
                0x08001008                __aeabi_fcmpge
                0x0800101c                __aeabi_fcmpgt
 .text          0x08001030       0x2c /opt/st/stm32cubeide_2.1.0/plugins/com.st.stm32cube.ide.mcu.externaltools.gnu-tools-for-stm32.14.3.rel1.linux64_1.0.100.202602081740/tools/bin/../lib/gcc/arm-none-eabi/14.3.1/thumb/v7-m/nofp/libgcc.a(_arm_unordsf2.o)
                0x08001030                __aeabi_fcmpun
                0x08001030                __unordsf2
 .text          0x0800105c       0x40 /opt/st/stm32cubeide_2.1.0/plugins/com.st.stm32cube.ide.mcu.externaltools.gnu-tools-for-stm32.14.3.rel1.linux64_1.0.100.202602081740/tools/bin/../lib/gcc/arm-none-eabi/14.3.1/thumb/v7-m/nofp/libgcc.a(_arm_fixunssfsi.o)
                0x0800105c                __aeabi_f2uiz
                0x0800105c                __fixunssfsi
 *(.text*)
 .text._ZN6ACS7127adcInitEv
                0x0800109c       0x1c ./Core/Src/ACS712.o
                0x0800109c                ACS712::adcInit()
 .text._ZN6ACS7127adcReadEv
                0x080010b8      0x190 ./Core/Src/ACS712.o
                0x080010b8                ACS712::adcRead()
 .text._ZN17AC_Socket_Control7relay_1E13GPIO_PinState
                0x08001248       0x24 ./Core/Src/AC_Socket_Control.o
                0x08001248                AC_Socket_Control::relay_1(GPIO_PinState)
 .text._ZN17AC_Socket_Control7relay_2E13GPIO_PinState
                0x0800126c       0x24 ./Core/Src/AC_Socket_Control.o
                0x0800126c                AC_Socket_Control::relay_2(GPIO_PinState)
 .text._ZN17AC_Socket_Control7relay_3E13GPIO_PinState
                0x08001290       0x24 ./Core/Src/AC_Socket_Control.o
                0x08001290                AC_Socket_Control::relay_3(GPIO_PinState)
 .text._ZN17AC_Socket_Control7relay_4E13GPIO_PinState
                0x080012b4       0x24 ./Core/Src/AC_Socket_Control.o
                0x080012b4                AC_Socket_Control::relay_4(GPIO_PinState)
 .text._ZN8EthernetC2EP17AC_Socket_Control
                0x080012d8       0x22 ./Core/Src/Ethernet.o
                0x080012d8                Ethernet::Ethernet(AC_Socket_Control*)
                0x080012d8                Ethernet::Ethernet(AC_Socket_Control*)
 .text._ZN8Ethernet15W5500Init_checkEv
                0x080012fa       0x18 ./Core/Src/Ethernet.o
                0x080012fa                Ethernet::W5500Init_check()
 *fill*         0x08001312        0x2 
 .text._ZN8Ethernet21Relay_Command_HandlerEPh
                0x08001314      0x23c ./Core/Src/Ethernet.o
                0x08001314                Ethernet::Relay_Command_Handler(unsigned char*)
 .text._ZN8Ethernet16ethernet_receiveEv
                0x08001550      0x178 ./Core/Src/Ethernet.o
                0x08001550                Ethernet::ethernet_receive()
 .text._ZN6INA21920INA219_WriteRegisterEht
                0x080016c8       0x4c ./Core/Src/INA219.o
                0x080016c8                INA219::INA219_WriteRegister(unsigned char, unsigned short)
 .text._ZN6INA21919INA219_ReadRegisterEhPt
                0x08001714       0x58 ./Core/Src/INA219.o
                0x08001714                INA219::INA219_ReadRegister(unsigned char, unsigned short*)
 .text._ZN6INA21911INA219_InitEv
                0x0800176c       0x58 ./Core/Src/INA219.o
                0x0800176c                INA219::INA219_Init()
 .text._ZN6INA21923INA219_ReadMeasurementsEv
                0x080017c4      0x190 ./Core/Src/INA219.o
                0x080017c4                INA219::INA219_ReadMeasurements()
 .text._ZN21USB_Data_TransreciverC2EP17AC_Socket_Control
                0x08001954       0x4c ./Core/Src/Process.o
                0x08001954                USB_Data_Transreciver::USB_Data_Transreciver(AC_Socket_Control*)
                0x08001954                USB_Data_Transreciver::USB_Data_Transreciver(AC_Socket_Control*)
 .text._ZN6ACS712C2Ev
                0x080019a0       0x20 ./Core/Src/Process.o
                0x080019a0                ACS712::ACS712()
                0x080019a0                ACS712::ACS712()
 .text._ZN7Process4InitEv
                0x080019c0       0x5c ./Core/Src/Process.o
                0x080019c0                Process::Init()
 .text._ZN7Process7processEv
                0x08001a1c       0x48 ./Core/Src/Process.o
                0x08001a1c                Process::process()
 .text._Z41__static_initialization_and_destruction_0v
                0x08001a64       0x30 ./Core/Src/Process.o
 .text._GLOBAL__sub_I_AC_socketControl
                0x08001a94        0xa ./Core/Src/Process.o
 *fill*         0x08001a9e        0x2 
 .text._ZN21USB_Data_Transreciver21Relay_Command_HandlerEPh
                0x08001aa0      0x2a0 ./Core/Src/USB_Data_Transreciver.o
                0x08001aa0                USB_Data_Transreciver::Relay_Command_Handler(unsigned char*)
 .text._ZN21USB_Data_Transreciver11usb_receiveEv
                0x08001d40       0x3c ./Core/Src/USB_Data_Transreciver.o
                0x08001d40                USB_Data_Transreciver::usb_receive()
 .text.MX_ADC1_Init
                0x08001d7c       0x50 ./Core/Src/adc.o
                0x08001d7c                MX_ADC1_Init
 .text.HAL_ADC_MspInit
                0x08001dcc       0x5c ./Core/Src/adc.o
                0x08001dcc                HAL_ADC_MspInit
 .text.MX_GPIO_Init
                0x08001e28      0x104 ./Core/Src/gpio.o
                0x08001e28                MX_GPIO_Init
 .text.MX_I2C1_Init
                0x08001f2c       0x40 ./Core/Src/i2c.o
                0x08001f2c                MX_I2C1_Init
 .text.HAL_I2C_MspInit
                0x08001f6c       0x78 ./Core/Src/i2c.o
                0x08001f6c                HAL_I2C_MspInit
 .text.main     0x08001fe4       0x4c ./Core/Src/main.o
                0x08001fe4                main
 .text._Z18SystemClock_Configv
                0x08002030       0xd2 ./Core/Src/main.o
                0x08002030                SystemClock_Config()
 .text.Error_Handler
                0x08002102        0xc ./Core/Src/main.o
                0x08002102                Error_Handler
 *fill*         0x0800210e        0x2 
 .text.MX_SPI1_Init
                0x08002110       0x48 ./Core/Src/spi.o
                0x08002110                MX_SPI1_Init
 .text.HAL_SPI_MspInit
                0x08002158       0x74 ./Core/Src/spi.o
                0x08002158                HAL_SPI_MspInit
 .text.HAL_MspInit
                0x080021cc       0x44 ./Core/Src/stm32f1xx_hal_msp.o
                0x080021cc                HAL_MspInit
 .text.NMI_Handler
                0x08002210        0x2 ./Core/Src/stm32f1xx_it.o
                0x08002210                NMI_Handler
 .text.HardFault_Handler
                0x08002212        0x2 ./Core/Src/stm32f1xx_it.o
                0x08002212                HardFault_Handler
 .text.MemManage_Handler
                0x08002214        0x2 ./Core/Src/stm32f1xx_it.o
                0x08002214                MemManage_Handler
 .text.BusFault_Handler
                0x08002216        0x2 ./Core/Src/stm32f1xx_it.o
                0x08002216                BusFault_Handler
 .text.UsageFault_Handler
                0x08002218        0x2 ./Core/Src/stm32f1xx_it.o
                0x08002218                UsageFault_Handler
 .text.SVC_Handler
                0x0800221a        0x2 ./Core/Src/stm32f1xx_it.o
                0x0800221a                SVC_Handler
 .text.DebugMon_Handler
                0x0800221c        0x2 ./Core/Src/stm32f1xx_it.o
                0x0800221c                DebugMon_Handler
 .text.PendSV_Handler
                0x0800221e        0x2 ./Core/Src/stm32f1xx_it.o
                0x0800221e                PendSV_Handler
 .text.SysTick_Handler
                0x08002220        0x4 ./Core/Src/stm32f1xx_it.o
                0x08002220                SysTick_Handler
 .text.USB_LP_CAN1_RX0_IRQHandler
                0x08002224        0xc ./Core/Src/stm32f1xx_it.o
                0x08002224                USB_LP_CAN1_RX0_IRQHandler
 .text._getpid  0x08002230        0x4 ./Core/Src/syscalls.o
                0x08002230                _getpid
 .text._kill    0x08002234       0x10 ./Core/Src/syscalls.o
                0x08002234                _kill
 .text._exit    0x08002244        0xc ./Core/Src/syscalls.o
                0x08002244                _exit
 .text._read    0x08002250       0x1c ./Core/Src/syscalls.o
                0x08002250                _read
 .text._close   0x0800226c        0x6 ./Core/Src/syscalls.o
                0x0800226c                _close
 .text._fstat   0x08002272        0xa ./Core/Src/syscalls.o
                0x08002272                _fstat
 .text._isatty  0x0800227c        0x4 ./Core/Src/syscalls.o
                0x0800227c                _isatty
 .text._lseek   0x08002280        0x4 ./Core/Src/syscalls.o
                0x08002280                _lseek
 .text._sbrk    0x08002284       0x3c ./Core/Src/sysmem.o
                0x08002284                _sbrk
 .text.SystemInit
                0x080022c0        0x2 ./Core/Src/system_stm32f1xx.o
                0x080022c0                SystemInit
 *fill*         0x080022c2        0x2 
 .text.HAL_TIM_PWM_MspInit
                0x080022c4       0x4c ./Core/Src/tim.o
                0x080022c4                HAL_TIM_PWM_MspInit
 .text.HAL_TIM_MspPostInit
                0x08002310       0x84 ./Core/Src/tim.o
                0x08002310                HAL_TIM_MspPostInit
 .text.MX_TIM1_Init
                0x08002394       0xa8 ./Core/Src/tim.o
                0x08002394                MX_TIM1_Init
 .text.MX_TIM3_Init
                0x0800243c       0x74 ./Core/Src/tim.o
                0x0800243c                MX_TIM3_Init
 .text.MX_USART1_UART_Init
                0x080024b0       0x38 ./Core/Src/usart.o
                0x080024b0                MX_USART1_UART_Init
 .text.MX_USART3_UART_Init
                0x080024e8       0x38 ./Core/Src/usart.o
                0x080024e8                MX_USART3_UART_Init
 .text.HAL_UART_MspInit
                0x08002520       0xd8 ./Core/Src/usart.o
                0x08002520                HAL_UART_MspInit
 .text.Reset_Handler
                0x080025f8       0x48 ./Core/Startup/startup_stm32f103c8tx.o
                0x080025f8                Reset_Handler
 .text.Default_Handler
                0x08002640        0x2 ./Core/Startup/startup_stm32f103c8tx.o
                0x08002640                RTC_Alarm_IRQHandler
                0x08002640                EXTI2_IRQHandler
                0x08002640                TIM1_CC_IRQHandler
                0x08002640                PVD_IRQHandler
                0x08002640                EXTI3_IRQHandler
                0x08002640                EXTI0_IRQHandler
                0x08002640                I2C2_EV_IRQHandler
                0x08002640                ADC1_2_IRQHandler
                0x08002640                SPI1_IRQHandler
                0x08002640                TAMPER_IRQHandler
                0x08002640                DMA1_Channel4_IRQHandler
                0x08002640                USART3_IRQHandler
                0x08002640                RTC_IRQHandler
                0x08002640                DMA1_Channel7_IRQHandler
                0x08002640                CAN1_RX1_IRQHandler
                0x08002640                TIM4_IRQHandler
                0x08002640                I2C1_EV_IRQHandler
                0x08002640                DMA1_Channel6_IRQHandler
                0x08002640                TIM3_IRQHandler
                0x08002640                RCC_IRQHandler
                0x08002640                TIM1_TRG_COM_IRQHandler
                0x08002640                DMA1_Channel1_IRQHandler
                0x08002640                Default_Handler
                0x08002640                EXTI15_10_IRQHandler
                0x08002640                EXTI9_5_IRQHandler
                0x08002640                SPI2_IRQHandler
                0x08002640                DMA1_Channel5_IRQHandler
                0x08002640                EXTI4_IRQHandler
                0x08002640                USB_HP_CAN1_TX_IRQHandler
                0x08002640                DMA1_Channel3_IRQHandler
                0x08002640                TIM1_UP_IRQHandler
                0x08002640                WWDG_IRQHandler
                0x08002640                TIM2_IRQHandler
                0x08002640                TIM1_BRK_IRQHandler
                0x08002640                EXTI1_IRQHandler
                0x08002640                USART2_IRQHandler
                0x08002640                I2C2_ER_IRQHandler
                0x08002640                DMA1_Channel2_IRQHandler
                0x08002640                CAN1_SCE_IRQHandler
                0x08002640                FLASH_IRQHandler
                0x08002640                USART1_IRQHandler
                0x08002640                I2C1_ER_IRQHandler
                0x08002640                USBWakeUp_IRQHandler
 *fill*         0x08002642        0x2 
 .text.DNS_init
                0x08002644       0x20 ./Drivers/Ethernet_W550/DNS/dns.o
                0x08002644                DNS_init
 .text.WIZCHIP_READ
                0x08002664       0x5c ./Drivers/Ethernet_W550/W5500/w5500.o
                0x08002664                WIZCHIP_READ
 .text.WIZCHIP_WRITE
                0x080026c0       0x64 ./Drivers/Ethernet_W550/W5500/w5500.o
                0x080026c0                WIZCHIP_WRITE
 .text.WIZCHIP_READ_BUF
                0x08002724       0x74 ./Drivers/Ethernet_W550/W5500/w5500.o
                0x08002724                WIZCHIP_READ_BUF
 .text.WIZCHIP_WRITE_BUF
                0x08002798       0x74 ./Drivers/Ethernet_W550/W5500/w5500.o
                0x08002798                WIZCHIP_WRITE_BUF
 .text.getSn_TX_FSR
                0x0800280c       0x42 ./Drivers/Ethernet_W550/W5500/w5500.o
                0x0800280c                getSn_TX_FSR
 .text.getSn_RX_RSR
                0x0800284e       0x42 ./Drivers/Ethernet_W550/W5500/w5500.o
                0x0800284e                getSn_RX_RSR
 .text.wiz_send_data
                0x08002890       0x5a ./Drivers/Ethernet_W550/W5500/w5500.o
                0x08002890                wiz_send_data
 .text.wiz_recv_data
                0x080028ea       0x5a ./Drivers/Ethernet_W550/W5500/w5500.o
                0x080028ea                wiz_recv_data
 .text.close    0x08002944       0x7c ./Drivers/Ethernet_W550/socket.o
                0x08002944                close
 .text.socket   0x080029c0      0x138 ./Drivers/Ethernet_W550/socket.o
                0x080029c0                socket
 .text.listen   0x08002af8       0x6a ./Drivers/Ethernet_W550/socket.o
                0x08002af8                listen
 *fill*         0x08002b62        0x2 
 .text.disconnect
                0x08002b64       0x90 ./Drivers/Ethernet_W550/socket.o
                0x08002b64                disconnect
 .text.send     0x08002bf4      0x16c ./Drivers/Ethernet_W550/socket.o
                0x08002bf4                send
 .text.recv     0x08002d60       0xe0 ./Drivers/Ethernet_W550/socket.o
                0x08002d60                recv
 .text.wizchip_cris_enter
                0x08002e40        0x2 ./Drivers/Ethernet_W550/wizchip_conf.o
                0x08002e40                wizchip_cris_enter
 .text.wizchip_bus_readdata
                0x08002e42        0x4 ./Drivers/Ethernet_W550/wizchip_conf.o
                0x08002e42                wizchip_bus_readdata
 .text.wizchip_bus_writedata
                0x08002e46        0x4 ./Drivers/Ethernet_W550/wizchip_conf.o
                0x08002e46                wizchip_bus_writedata
 .text.wizchip_spi_readbyte
                0x08002e4a        0x4 ./Drivers/Ethernet_W550/wizchip_conf.o
                0x08002e4a                wizchip_spi_readbyte
 .text.wizchip_spi_writebyte
                0x08002e4e        0x2 ./Drivers/Ethernet_W550/wizchip_conf.o
                0x08002e4e                wizchip_spi_writebyte
 .text.wizchip_cris_exit
                0x08002e50        0x2 ./Drivers/Ethernet_W550/wizchip_conf.o
                0x08002e50                wizchip_cris_exit
 .text.wizchip_cs_select
                0x08002e52        0x2 ./Drivers/Ethernet_W550/wizchip_conf.o
                0x08002e52                wizchip_cs_select
 .text.wizchip_cs_deselect
                0x08002e54        0x2 ./Drivers/Ethernet_W550/wizchip_conf.o
                0x08002e54                wizchip_cs_deselect
 *fill*         0x08002e56        0x2 
 .text.reg_wizchip_cs_cbfunc
                0x08002e58       0x1c ./Drivers/Ethernet_W550/wizchip_conf.o
                0x08002e58                reg_wizchip_cs_cbfunc
 .text.reg_wizchip_spi_cbfunc
                0x08002e74       0x24 ./Drivers/Ethernet_W550/wizchip_conf.o
                0x08002e74                reg_wizchip_spi_cbfunc
 .text.wizchip_sw_reset
                0x08002e98       0x78 ./Drivers/Ethernet_W550/wizchip_conf.o
                0x08002e98                wizchip_sw_reset
 .text.wizchip_init
                0x08002f10       0x7a ./Drivers/Ethernet_W550/wizchip_conf.o
                0x08002f10                wizchip_init
 .text.wizchip_clrinterrupt
                0x08002f8a       0x2e ./Drivers/Ethernet_W550/wizchip_conf.o
                0x08002f8a                wizchip_clrinterrupt
 .text.wizchip_getinterrupt
                0x08002fb8       0x20 ./Drivers/Ethernet_W550/wizchip_conf.o
                0x08002fb8                wizchip_getinterrupt
 .text.wizchip_setinterruptmask
                0x08002fd8       0x1c ./Drivers/Ethernet_W550/wizchip_conf.o
                0x08002fd8                wizchip_setinterruptmask
 .text.wizchip_getinterruptmask
                0x08002ff4       0x1c ./Drivers/Ethernet_W550/wizchip_conf.o
                0x08002ff4                wizchip_getinterruptmask
 .text.wizphy_getphylink
                0x08003010       0x10 ./Drivers/Ethernet_W550/wizchip_conf.o
                0x08003010                wizphy_getphylink
 .text.wizphy_getphypmode
                0x08003020       0x18 ./Drivers/Ethernet_W550/wizchip_conf.o
                0x08003020                wizphy_getphypmode
 .text.wizphy_reset
                0x08003038       0x30 ./Drivers/Ethernet_W550/wizchip_conf.o
                0x08003038                wizphy_reset
 .text.wizphy_setphyconf
                0x08003068       0x46 ./Drivers/Ethernet_W550/wizchip_conf.o
                0x08003068                wizphy_setphyconf
 *fill*         0x080030ae        0x2 
 .text.wizphy_getphyconf
                0x080030b0       0x68 ./Drivers/Ethernet_W550/wizchip_conf.o
                0x080030b0                wizphy_getphyconf
 .text.wizphy_getphystat
                0x08003118       0x1a ./Drivers/Ethernet_W550/wizchip_conf.o
                0x08003118                wizphy_getphystat
 .text.wizphy_setphypmode
                0x08003132       0x52 ./Drivers/Ethernet_W550/wizchip_conf.o
                0x08003132                wizphy_setphypmode
 .text.ctlwizchip
                0x08003184       0xe8 ./Drivers/Ethernet_W550/wizchip_conf.o
                0x08003184                ctlwizchip
 .text.wizchip_setnetinfo
                0x0800326c       0x5c ./Drivers/Ethernet_W550/wizchip_conf.o
                0x0800326c                wizchip_setnetinfo
 .text.wizchip_getnetinfo
                0x080032c8       0x5c ./Drivers/Ethernet_W550/wizchip_conf.o
                0x080032c8                wizchip_getnetinfo
 .text.wizchip_setnetmode
                0x08003324       0x26 ./Drivers/Ethernet_W550/wizchip_conf.o
                0x08003324                wizchip_setnetmode
 .text.wizchip_getnetmode
                0x0800334a        0x6 ./Drivers/Ethernet_W550/wizchip_conf.o
                0x0800334a                wizchip_getnetmode
 .text.wizchip_settimeout
                0x08003350       0x28 ./Drivers/Ethernet_W550/wizchip_conf.o
                0x08003350                wizchip_settimeout
 .text.wizchip_gettimeout
                0x08003378       0x28 ./Drivers/Ethernet_W550/wizchip_conf.o
                0x08003378                wizchip_gettimeout
 .text.ctlnetwork
                0x080033a0       0x4c ./Drivers/Ethernet_W550/wizchip_conf.o
                0x080033a0                ctlnetwork
 .text.W5500_Select
                0x080033ec       0x10 ./Drivers/Ethernet_W550/wizchip_port.o
                0x080033ec                W5500_Select
 .text.W5500_Unselect
                0x080033fc       0x10 ./Drivers/Ethernet_W550/wizchip_port.o
                0x080033fc                W5500_Unselect
 .text.W5500_ReadByte
                0x0800340c       0x2c ./Drivers/Ethernet_W550/wizchip_port.o
                0x0800340c                W5500_ReadByte
 .text.W5500_WriteByte
                0x08003438       0x20 ./Drivers/Ethernet_W550/wizchip_port.o
                0x08003438                W5500_WriteByte
 .text._write   0x08003458       0x20 ./Drivers/Ethernet_W550/wizchip_port.o
                0x08003458                _write
 .text.W5500_Init
                0x08003478      0x1bc ./Drivers/Ethernet_W550/wizchip_port.o
                0x08003478                W5500_Init
 .text.HAL_InitTick
                0x08003634       0x48 ./Drivers/STM32F1xx_HAL_Driver/Src/stm32f1xx_hal.o
                0x08003634                HAL_InitTick
 .text.HAL_Init
                0x0800367c       0x24 ./Drivers/STM32F1xx_HAL_Driver/Src/stm32f1xx_hal.o
                0x0800367c                HAL_Init
 .text.HAL_IncTick
                0x080036a0       0x18 ./Drivers/STM32F1xx_HAL_Driver/Src/stm32f1xx_hal.o
                0x080036a0                HAL_IncTick
 .text.HAL_GetTick
                0x080036b8        0xc ./Drivers/STM32F1xx_HAL_Driver/Src/stm32f1xx_hal.o
                0x080036b8                HAL_GetTick
 .text.HAL_Delay
                0x080036c4       0x24 ./Drivers/STM32F1xx_HAL_Driver/Src/stm32f1xx_hal.o
                0x080036c4                HAL_Delay
 .text.HAL_ADC_PollForConversion
                0x080036e8      0x148 ./Drivers/STM32F1xx_HAL_Driver/Src/stm32f1xx_hal_adc.o
                0x080036e8                HAL_ADC_PollForConversion
 .text.HAL_ADC_GetValue
                0x08003830        0x6 ./Drivers/STM32F1xx_HAL_Driver/Src/stm32f1xx_hal_adc.o
                0x08003830                HAL_ADC_GetValue
 *fill*         0x08003836        0x2 
 .text.HAL_ADC_ConfigChannel
                0x08003838       0xfc ./Drivers/STM32F1xx_HAL_Driver/Src/stm32f1xx_hal_adc.o
                0x08003838                HAL_ADC_ConfigChannel
 .text.ADC_Enable
                0x08003934       0x78 ./Drivers/STM32F1xx_HAL_Driver/Src/stm32f1xx_hal_adc.o
                0x08003934                ADC_Enable
 .text.HAL_ADC_Start
                0x080039ac       0xc4 ./Drivers/STM32F1xx_HAL_Driver/Src/stm32f1xx_hal_adc.o
                0x080039ac                HAL_ADC_Start
 .text.ADC_ConversionStop_Disable
                0x08003a70       0x4c ./Drivers/STM32F1xx_HAL_Driver/Src/stm32f1xx_hal_adc.o
                0x08003a70                ADC_ConversionStop_Disable
 .text.HAL_ADC_Init
                0x08003abc       0xfc ./Drivers/STM32F1xx_HAL_Driver/Src/stm32f1xx_hal_adc.o
                0x08003abc                HAL_ADC_Init
 .text.HAL_ADC_Stop
                0x08003bb8       0x34 ./Drivers/STM32F1xx_HAL_Driver/Src/stm32f1xx_hal_adc.o
                0x08003bb8                HAL_ADC_Stop
 .text.HAL_NVIC_SetPriorityGrouping
                0x08003bec       0x24 ./Drivers/STM32F1xx_HAL_Driver/Src/stm32f1xx_hal_cortex.o
                0x08003bec                HAL_NVIC_SetPriorityGrouping
 .text.HAL_NVIC_SetPriority
                0x08003c10       0x60 ./Drivers/STM32F1xx_HAL_Driver/Src/stm32f1xx_hal_cortex.o
                0x08003c10                HAL_NVIC_SetPriority
 .text.HAL_NVIC_EnableIRQ
                0x08003c70       0x1c ./Drivers/STM32F1xx_HAL_Driver/Src/stm32f1xx_hal_cortex.o
                0x08003c70                HAL_NVIC_EnableIRQ
 .text.HAL_SYSTICK_Config
                0x08003c8c       0x28 ./Drivers/STM32F1xx_HAL_Driver/Src/stm32f1xx_hal_cortex.o
                0x08003c8c                HAL_SYSTICK_Config
 .text.HAL_GPIO_Init
                0x08003cb4      0x1a8 ./Drivers/STM32F1xx_HAL_Driver/Src/stm32f1xx_hal_gpio.o
                0x08003cb4                HAL_GPIO_Init
 .text.HAL_GPIO_WritePin
                0x08003e5c        0xa ./Drivers/STM32F1xx_HAL_Driver/Src/stm32f1xx_hal_gpio.o
                0x08003e5c                HAL_GPIO_WritePin
 .text.I2C_IsAcknowledgeFailed
                0x08003e66       0x32 ./Drivers/STM32F1xx_HAL_Driver/Src/stm32f1xx_hal_i2c.o
 .text.I2C_WaitOnFlagUntilTimeout
                0x08003e98       0x9c ./Drivers/STM32F1xx_HAL_Driver/Src/stm32f1xx_hal_i2c.o
 .text.I2C_WaitOnMasterAddressFlagUntilTimeout
                0x08003f34       0x84 ./Drivers/STM32F1xx_HAL_Driver/Src/stm32f1xx_hal_i2c.o
 .text.I2C_WaitOnTXEFlagUntilTimeout
                0x08003fb8       0x54 ./Drivers/STM32F1xx_HAL_Driver/Src/stm32f1xx_hal_i2c.o
 .text.I2C_RequestMemoryWrite
                0x0800400c       0xb4 ./Drivers/STM32F1xx_HAL_Driver/Src/stm32f1xx_hal_i2c.o
 .text.I2C_RequestMemoryRead
                0x080040c0      0x104 ./Drivers/STM32F1xx_HAL_Driver/Src/stm32f1xx_hal_i2c.o
 .text.I2C_WaitOnBTFFlagUntilTimeout
                0x080041c4       0x54 ./Drivers/STM32F1xx_HAL_Driver/Src/stm32f1xx_hal_i2c.o
 .text.I2C_WaitOnRXNEFlagUntilTimeout
                0x08004218       0x66 ./Drivers/STM32F1xx_HAL_Driver/Src/stm32f1xx_hal_i2c.o
 *fill*         0x0800427e        0x2 
 .text.HAL_I2C_Init
                0x08004280      0x150 ./Drivers/STM32F1xx_HAL_Driver/Src/stm32f1xx_hal_i2c.o
                0x08004280                HAL_I2C_Init
 .text.HAL_I2C_Mem_Write
                0x080043d0      0x120 ./Drivers/STM32F1xx_HAL_Driver/Src/stm32f1xx_hal_i2c.o
                0x080043d0                HAL_I2C_Mem_Write
 .text.HAL_I2C_Mem_Read
                0x080044f0      0x284 ./Drivers/STM32F1xx_HAL_Driver/Src/stm32f1xx_hal_i2c.o
                0x080044f0                HAL_I2C_Mem_Read
 .text.HAL_I2C_IsDeviceReady
                0x08004774      0x158 ./Drivers/STM32F1xx_HAL_Driver/Src/stm32f1xx_hal_i2c.o
                0x08004774                HAL_I2C_IsDeviceReady
 .text.HAL_PCD_Init
                0x080048cc       0xc6 ./Drivers/STM32F1xx_HAL_Driver/Src/stm32f1xx_hal_pcd.o
                0x080048cc                HAL_PCD_Init
 .text.HAL_PCD_Start
                0x08004992       0x32 ./Drivers/STM32F1xx_HAL_Driver/Src/stm32f1xx_hal_pcd.o
                0x08004992                HAL_PCD_Start
 .text.HAL_PCD_SetAddress
                0x080049c4       0x26 ./Drivers/STM32F1xx_HAL_Driver/Src/stm32f1xx_hal_pcd.o
                0x080049c4                HAL_PCD_SetAddress
 *fill*         0x080049ea        0x2 
 .text.HAL_PCD_IRQHandler
                0x080049ec      0x9b4 ./Drivers/STM32F1xx_HAL_Driver/Src/stm32f1xx_hal_pcd.o
                0x080049ec                HAL_PCD_IRQHandler
 .text.HAL_PCD_EP_Open
                0x080053a0       0x60 ./Drivers/STM32F1xx_HAL_Driver/Src/stm32f1xx_hal_pcd.o
                0x080053a0                HAL_PCD_EP_Open
 .text.HAL_PCD_EP_Close
                0x08005400       0x50 ./Drivers/STM32F1xx_HAL_Driver/Src/stm32f1xx_hal_pcd.o
                0x08005400                HAL_PCD_EP_Close
 .text.HAL_PCD_EP_Receive
                0x08005450       0x2e ./Drivers/STM32F1xx_HAL_Driver/Src/stm32f1xx_hal_pcd.o
                0x08005450                HAL_PCD_EP_Receive
 .text.HAL_PCD_EP_GetRxCount
                0x0800547e       0x10 ./Drivers/STM32F1xx_HAL_Driver/Src/stm32f1xx_hal_pcd.o
                0x0800547e                HAL_PCD_EP_GetRxCount
 .text.HAL_PCD_EP_Transmit
                0x0800548e       0x30 ./Drivers/STM32F1xx_HAL_Driver/Src/stm32f1xx_hal_pcd.o
                0x0800548e                HAL_PCD_EP_Transmit
 .text.HAL_PCD_EP_SetStall
                0x080054be       0x6c ./Drivers/STM32F1xx_HAL_Driver/Src/stm32f1xx_hal_pcd.o
                0x080054be                HAL_PCD_EP_SetStall
 .text.HAL_PCD_EP_ClrStall
                0x0800552a       0x64 ./Drivers/STM32F1xx_HAL_Driver/Src/stm32f1xx_hal_pcd.o
                0x0800552a                HAL_PCD_EP_ClrStall
 .text.HAL_PCDEx_PMAConfig
                0x0800558e       0x32 ./Drivers/STM32F1xx_HAL_Driver/Src/stm32f1xx_hal_pcd_ex.o
                0x0800558e                HAL_PCDEx_PMAConfig
 .text.HAL_RCC_OscConfig
                0x080055c0      0x338 ./Drivers/STM32F1xx_HAL_Driver/Src/stm32f1xx_hal_rcc.o
                0x080055c0                HAL_RCC_OscConfig
 .text.HAL_RCC_GetSysClockFreq
                0x080058f8       0x4c ./Drivers/STM32F1xx_HAL_Driver/Src/stm32f1xx_hal_rcc.o
                0x080058f8                HAL_RCC_GetSysClockFreq
 .text.HAL_RCC_ClockConfig
                0x08005944      0x138 ./Drivers/STM32F1xx_HAL_Driver/Src/stm32f1xx_hal_rcc.o
                0x08005944                HAL_RCC_ClockConfig
 .text.HAL_RCC_GetPCLK1Freq
                0x08005a7c       0x20 ./Drivers/STM32F1xx_HAL_Driver/Src/stm32f1xx_hal_rcc.o
                0x08005a7c                HAL_RCC_GetPCLK1Freq
 .text.HAL_RCC_GetPCLK2Freq
                0x08005a9c       0x20 ./Drivers/STM32F1xx_HAL_Driver/Src/stm32f1xx_hal_rcc.o
                0x08005a9c                HAL_RCC_GetPCLK2Freq
 .text.HAL_RCCEx_PeriphCLKConfig
                0x08005abc       0xf4 ./Drivers/STM32F1xx_HAL_Driver/Src/stm32f1xx_hal_rcc_ex.o
                0x08005abc                HAL_RCCEx_PeriphCLKConfig
 .text.HAL_RCCEx_GetPeriphCLKFreq
                0x08005bb0       0xbc ./Drivers/STM32F1xx_HAL_Driver/Src/stm32f1xx_hal_rcc_ex.o
                0x08005bb0                HAL_RCCEx_GetPeriphCLKFreq
 .text.SPI_WaitFlagStateUntilTimeout
                0x08005c6c       0xb8 ./Drivers/STM32F1xx_HAL_Driver/Src/stm32f1xx_hal_spi.o
 .text.SPI_EndRxTxTransaction
                0x08005d24       0x38 ./Drivers/STM32F1xx_HAL_Driver/Src/stm32f1xx_hal_spi.o
 .text.HAL_SPI_Init
                0x08005d5c       0xb0 ./Drivers/STM32F1xx_HAL_Driver/Src/stm32f1xx_hal_spi.o
                0x08005d5c                HAL_SPI_Init
 .text.HAL_SPI_Transmit
                0x08005e0c      0x160 ./Drivers/STM32F1xx_HAL_Driver/Src/stm32f1xx_hal_spi.o
                0x08005e0c                HAL_SPI_Transmit
 .text.HAL_SPI_TransmitReceive
                0x08005f6c      0x1f8 ./Drivers/STM32F1xx_HAL_Driver/Src/stm32f1xx_hal_spi.o
                0x08005f6c                HAL_SPI_TransmitReceive
 .text.TIM_OC1_SetConfig
                0x08006164       0x50 ./Drivers/STM32F1xx_HAL_Driver/Src/stm32f1xx_hal_tim.o
 .text.TIM_OC3_SetConfig
                0x080061b4       0x54 ./Drivers/STM32F1xx_HAL_Driver/Src/stm32f1xx_hal_tim.o
 .text.TIM_OC4_SetConfig
                0x08006208       0x44 ./Drivers/STM32F1xx_HAL_Driver/Src/stm32f1xx_hal_tim.o
 .text.TIM_Base_SetConfig
                0x0800624c       0x64 ./Drivers/STM32F1xx_HAL_Driver/Src/stm32f1xx_hal_tim.o
                0x0800624c                TIM_Base_SetConfig
 .text.HAL_TIM_PWM_Init
                0x080062b0       0x58 ./Drivers/STM32F1xx_HAL_Driver/Src/stm32f1xx_hal_tim.o
                0x080062b0                HAL_TIM_PWM_Init
 .text.TIM_OC2_SetConfig
                0x08006308       0x58 ./Drivers/STM32F1xx_HAL_Driver/Src/stm32f1xx_hal_tim.o
                0x08006308                TIM_OC2_SetConfig
 .text.HAL_TIM_PWM_ConfigChannel
                0x08006360       0xb0 ./Drivers/STM32F1xx_HAL_Driver/Src/stm32f1xx_hal_tim.o
                0x08006360                HAL_TIM_PWM_ConfigChannel
 .text.HAL_TIMEx_MasterConfigSynchronization
                0x08006410       0x5c ./Drivers/STM32F1xx_HAL_Driver/Src/stm32f1xx_hal_tim_ex.o
                0x08006410                HAL_TIMEx_MasterConfigSynchronization
 .text.HAL_TIMEx_ConfigBreakDeadTime
                0x0800646c       0x4c ./Drivers/STM32F1xx_HAL_Driver/Src/stm32f1xx_hal_tim_ex.o
                0x0800646c                HAL_TIMEx_ConfigBreakDeadTime
 .text.UART_EndRxTransfer
                0x080064b8       0x5c ./Drivers/STM32F1xx_HAL_Driver/Src/stm32f1xx_hal_uart.o
 .text.UART_SetConfig
                0x08006514       0x74 ./Drivers/STM32F1xx_HAL_Driver/Src/stm32f1xx_hal_uart.o
 .text.UART_WaitOnFlagUntilTimeout.constprop.0
                0x08006588       0x64 ./Drivers/STM32F1xx_HAL_Driver/Src/stm32f1xx_hal_uart.o
 .text.HAL_UART_Init
                0x080065ec       0x5e ./Drivers/STM32F1xx_HAL_Driver/Src/stm32f1xx_hal_uart.o
                0x080065ec                HAL_UART_Init
 .text.HAL_UART_Transmit
                0x0800664a       0x9c ./Drivers/STM32F1xx_HAL_Driver/Src/stm32f1xx_hal_uart.o
                0x0800664a                HAL_UART_Transmit
 .text.USB_CoreInit
                0x080066e6        0xe ./Drivers/STM32F1xx_HAL_Driver/Src/stm32f1xx_ll_usb.o
                0x080066e6                USB_CoreInit
 .text.USB_EnableGlobalInt
                0x080066f4       0x12 ./Drivers/STM32F1xx_HAL_Driver/Src/stm32f1xx_ll_usb.o
                0x080066f4                USB_EnableGlobalInt
 .text.USB_DisableGlobalInt
                0x08006706       0x14 ./Drivers/STM32F1xx_HAL_Driver/Src/stm32f1xx_ll_usb.o
                0x08006706                USB_DisableGlobalInt
 .text.USB_SetCurrentMode
                0x0800671a        0x4 ./Drivers/STM32F1xx_HAL_Driver/Src/stm32f1xx_ll_usb.o
                0x0800671a                USB_SetCurrentMode
 .text.USB_DevInit
                0x0800671e       0x22 ./Drivers/STM32F1xx_HAL_Driver/Src/stm32f1xx_ll_usb.o
                0x0800671e                USB_DevInit
 .text.USB_ActivateEndpoint
                0x08006740      0x2c0 ./Drivers/STM32F1xx_HAL_Driver/Src/stm32f1xx_ll_usb.o
                0x08006740                USB_ActivateEndpoint
 .text.USB_DeactivateEndpoint
                0x08006a00      0x1a6 ./Drivers/STM32F1xx_HAL_Driver/Src/stm32f1xx_ll_usb.o
                0x08006a00                USB_DeactivateEndpoint
 .text.USB_EPSetStall
                0x08006ba6       0x40 ./Drivers/STM32F1xx_HAL_Driver/Src/stm32f1xx_ll_usb.o
                0x08006ba6                USB_EPSetStall
 .text.USB_EPClearStall
                0x08006be6       0x92 ./Drivers/STM32F1xx_HAL_Driver/Src/stm32f1xx_ll_usb.o
                0x08006be6                USB_EPClearStall
 .text.USB_SetDevAddress
                0x08006c78        0xc ./Drivers/STM32F1xx_HAL_Driver/Src/stm32f1xx_ll_usb.o
                0x08006c78                USB_SetDevAddress
 .text.USB_DevConnect
                0x08006c84        0x4 ./Drivers/STM32F1xx_HAL_Driver/Src/stm32f1xx_ll_usb.o
                0x08006c84                USB_DevConnect
 .text.USB_DevDisconnect
                0x08006c88        0x4 ./Drivers/STM32F1xx_HAL_Driver/Src/stm32f1xx_ll_usb.o
                0x08006c88                USB_DevDisconnect
 .text.USB_ReadInterrupts
                0x08006c8c        0x8 ./Drivers/STM32F1xx_HAL_Driver/Src/stm32f1xx_ll_usb.o
                0x08006c8c                USB_ReadInterrupts
 .text.USB_EP0_OutStart
                0x08006c94        0x4 ./Drivers/STM32F1xx_HAL_Driver/Src/stm32f1xx_ll_usb.o
                0x08006c94                USB_EP0_OutStart
 .text.USB_WritePMA
                0x08006c98       0x20 ./Drivers/STM32F1xx_HAL_Driver/Src/stm32f1xx_ll_usb.o
                0x08006c98                USB_WritePMA
 .text.USB_EPStartXfer
                0x08006cb8      0x462 ./Drivers/STM32F1xx_HAL_Driver/Src/stm32f1xx_ll_usb.o
                0x08006cb8                USB_EPStartXfer
 .text.USB_ReadPMA
                0x0800711a       0x38 ./Drivers/STM32F1xx_HAL_Driver/Src/stm32f1xx_ll_usb.o
                0x0800711a                USB_ReadPMA
 .text.USBD_CDC_EP0_RxReady
                0x08007152       0x28 ./Middlewares/ST/STM32_USB_Device_Library/Class/CDC/Src/usbd_cdc.o
 *fill*         0x0800717a        0x2 
 .text.USBD_CDC_GetFSCfgDesc
                0x0800717c        0xc ./Middlewares/ST/STM32_USB_Device_Library/Class/CDC/Src/usbd_cdc.o
 .text.USBD_CDC_GetHSCfgDesc
                0x08007188        0xc ./Middlewares/ST/STM32_USB_Device_Library/Class/CDC/Src/usbd_cdc.o
 .text.USBD_CDC_GetOtherSpeedCfgDesc
                0x08007194        0xc ./Middlewares/ST/STM32_USB_Device_Library/Class/CDC/Src/usbd_cdc.o
 .text.USBD_CDC_GetDeviceQualifierDescriptor
                0x080071a0        0xc ./Middlewares/ST/STM32_USB_Device_Library/Class/CDC/Src/usbd_cdc.o
                0x080071a0                USBD_CDC_GetDeviceQualifierDescriptor
 .text.USBD_CDC_DataOut
                0x080071ac       0x2e ./Middlewares/ST/STM32_USB_Device_Library/Class/CDC/Src/usbd_cdc.o
 .text.USBD_CDC_DataIn
                0x080071da       0x40 ./Middlewares/ST/STM32_USB_Device_Library/Class/CDC/Src/usbd_cdc.o
 .text.USBD_CDC_Setup
                0x0800721a       0xa2 ./Middlewares/ST/STM32_USB_Device_Library/Class/CDC/Src/usbd_cdc.o
 .text.USBD_CDC_DeInit
                0x080072bc       0x42 ./Middlewares/ST/STM32_USB_Device_Library/Class/CDC/Src/usbd_cdc.o
 .text.USBD_CDC_Init
                0x080072fe       0x8c ./Middlewares/ST/STM32_USB_Device_Library/Class/CDC/Src/usbd_cdc.o
 .text.USBD_CDC_RegisterInterface
                0x0800738a        0xe ./Middlewares/ST/STM32_USB_Device_Library/Class/CDC/Src/usbd_cdc.o
                0x0800738a                USBD_CDC_RegisterInterface
 .text.USBD_CDC_SetTxBuffer
                0x08007398       0x10 ./Middlewares/ST/STM32_USB_Device_Library/Class/CDC/Src/usbd_cdc.o
                0x08007398                USBD_CDC_SetTxBuffer
 .text.USBD_CDC_SetRxBuffer
                0x080073a8        0xc ./Middlewares/ST/STM32_USB_Device_Library/Class/CDC/Src/usbd_cdc.o
                0x080073a8                USBD_CDC_SetRxBuffer
 .text.USBD_CDC_TransmitPacket
                0x080073b4       0x32 ./Middlewares/ST/STM32_USB_Device_Library/Class/CDC/Src/usbd_cdc.o
                0x080073b4                USBD_CDC_TransmitPacket
 .text.USBD_CDC_ReceivePacket
                0x080073e6       0x26 ./Middlewares/ST/STM32_USB_Device_Library/Class/CDC/Src/usbd_cdc.o
                0x080073e6                USBD_CDC_ReceivePacket
 .text.USBD_Init
                0x0800740c       0x2a ./Middlewares/ST/STM32_USB_Device_Library/Core/Src/usbd_core.o
                0x0800740c                USBD_Init
 .text.USBD_RegisterClass
                0x08007436        0xe ./Middlewares/ST/STM32_USB_Device_Library/Core/Src/usbd_core.o
                0x08007436                USBD_RegisterClass
 .text.USBD_Start
                0x08007444        0xa ./Middlewares/ST/STM32_USB_Device_Library/Core/Src/usbd_core.o
                0x08007444                USBD_Start
 .text.USBD_SetClassConfig
                0x0800744e       0x1a ./Middlewares/ST/STM32_USB_Device_Library/Core/Src/usbd_core.o
                0x0800744e                USBD_SetClassConfig
 .text.USBD_ClrClassConfig
                0x08007468        0xe ./Middlewares/ST/STM32_USB_Device_Library/Core/Src/usbd_core.o
                0x08007468                USBD_ClrClassConfig
 .text.USBD_LL_SetupStage
                0x08007476       0x5a ./Middlewares/ST/STM32_USB_Device_Library/Core/Src/usbd_core.o
                0x08007476                USBD_LL_SetupStage
 .text.USBD_LL_DataOutStage
                0x080074d0       0x70 ./Middlewares/ST/STM32_USB_Device_Library/Core/Src/usbd_core.o
                0x080074d0                USBD_LL_DataOutStage
 .text.USBD_LL_DataInStage
                0x08007540       0xb8 ./Middlewares/ST/STM32_USB_Device_Library/Core/Src/usbd_core.o
                0x08007540                USBD_LL_DataInStage
 .text.USBD_LL_Reset
                0x080075f8       0x4e ./Middlewares/ST/STM32_USB_Device_Library/Core/Src/usbd_core.o
                0x080075f8                USBD_LL_Reset
 .text.USBD_LL_SetSpeed
                0x08007646        0x6 ./Middlewares/ST/STM32_USB_Device_Library/Core/Src/usbd_core.o
                0x08007646                USBD_LL_SetSpeed
 .text.USBD_LL_Suspend
                0x0800764c       0x12 ./Middlewares/ST/STM32_USB_Device_Library/Core/Src/usbd_core.o
                0x0800764c                USBD_LL_Suspend
 .text.USBD_LL_Resume
                0x0800765e       0x14 ./Middlewares/ST/STM32_USB_Device_Library/Core/Src/usbd_core.o
                0x0800765e                USBD_LL_Resume
 .text.USBD_LL_SOF
                0x08007672       0x18 ./Middlewares/ST/STM32_USB_Device_Library/Core/Src/usbd_core.o
                0x08007672                USBD_LL_SOF
 .text.USBD_CtlError.constprop.0
                0x0800768a       0x16 ./Middlewares/ST/STM32_USB_Device_Library/Core/Src/usbd_ctlreq.o
 .text.USBD_StdDevReq
                0x080076a0      0x290 ./Middlewares/ST/STM32_USB_Device_Library/Core/Src/usbd_ctlreq.o
                0x080076a0                USBD_StdDevReq
 .text.USBD_StdItfReq
                0x08007930       0x48 ./Middlewares/ST/STM32_USB_Device_Library/Core/Src/usbd_ctlreq.o
                0x08007930                USBD_StdItfReq
 .text.USBD_StdEPReq
                0x08007978      0x118 ./Middlewares/ST/STM32_USB_Device_Library/Core/Src/usbd_ctlreq.o
                0x08007978                USBD_StdEPReq
 .text.USBD_ParseSetupRequest
                0x08007a90       0x16 ./Middlewares/ST/STM32_USB_Device_Library/Core/Src/usbd_ctlreq.o
                0x08007a90                USBD_ParseSetupRequest
 .text.USBD_CtlError
                0x08007aa6       0x16 ./Middlewares/ST/STM32_USB_Device_Library/Core/Src/usbd_ctlreq.o
                0x08007aa6                USBD_CtlError
 .text.USBD_GetString
                0x08007abc       0x38 ./Middlewares/ST/STM32_USB_Device_Library/Core/Src/usbd_ctlreq.o
                0x08007abc                USBD_GetString
 .text.USBD_CtlSendData
                0x08007af4       0x1a ./Middlewares/ST/STM32_USB_Device_Library/Core/Src/usbd_ioreq.o
                0x08007af4                USBD_CtlSendData
 .text.USBD_CtlContinueSendData
                0x08007b0e       0x10 ./Middlewares/ST/STM32_USB_Device_Library/Core/Src/usbd_ioreq.o
                0x08007b0e                USBD_CtlContinueSendData
 .text.USBD_CtlPrepareRx
                0x08007b1e       0x1a ./Middlewares/ST/STM32_USB_Device_Library/Core/Src/usbd_ioreq.o
                0x08007b1e                USBD_CtlPrepareRx
 .text.USBD_CtlContinueRx
                0x08007b38       0x10 ./Middlewares/ST/STM32_USB_Device_Library/Core/Src/usbd_ioreq.o
                0x08007b38                USBD_CtlContinueRx
 .text.USBD_CtlSendStatus
                0x08007b48       0x16 ./Middlewares/ST/STM32_USB_Device_Library/Core/Src/usbd_ioreq.o
                0x08007b48                USBD_CtlSendStatus
 .text.USBD_CtlReceiveStatus
                0x08007b5e       0x16 ./Middlewares/ST/STM32_USB_Device_Library/Core/Src/usbd_ioreq.o
                0x08007b5e                USBD_CtlReceiveStatus
 .text.MX_USB_DEVICE_Init
                0x08007b74       0x50 ./USB_DEVICE/App/usb_device.o
                0x08007b74                MX_USB_DEVICE_Init
 .text.CDC_DeInit_FS
                0x08007bc4        0x4 ./USB_DEVICE/App/usbd_cdc_if.o
 .text.CDC_Control_FS
                0x08007bc8        0x4 ./USB_DEVICE/App/usbd_cdc_if.o
 .text.CDC_Receive_FS
                0x08007bcc       0x54 ./USB_DEVICE/App/usbd_cdc_if.o
 .text.CDC_Init_FS
                0x08007c20       0x24 ./USB_DEVICE/App/usbd_cdc_if.o
 .text.CDC_Transmit_FS
                0x08007c44       0x2c ./USB_DEVICE/App/usbd_cdc_if.o
                0x08007c44                CDC_Transmit_FS
 .text.USBD_FS_DeviceDescriptor
                0x08007c70        0xc ./USB_DEVICE/App/usbd_desc.o
                0x08007c70                USBD_FS_DeviceDescriptor
 .text.USBD_FS_LangIDStrDescriptor
                0x08007c7c        0xc ./USB_DEVICE/App/usbd_desc.o
                0x08007c7c                USBD_FS_LangIDStrDescriptor
 .text.IntToUnicode
                0x08007c88       0x2a ./USB_DEVICE/App/usbd_desc.o
 *fill*         0x08007cb2        0x2 
 .text.USBD_FS_SerialStrDescriptor
                0x08007cb4       0x3c ./USB_DEVICE/App/usbd_desc.o
                0x08007cb4                USBD_FS_SerialStrDescriptor
 .text.USBD_FS_ManufacturerStrDescriptor
                0x08007cf0       0x18 ./USB_DEVICE/App/usbd_desc.o
                0x08007cf0                USBD_FS_ManufacturerStrDescriptor
 .text.USBD_FS_ProductStrDescriptor
                0x08007d08       0x18 ./USB_DEVICE/App/usbd_desc.o
                0x08007d08                USBD_FS_ProductStrDescriptor
 .text.USBD_FS_ConfigStrDescriptor
                0x08007d20       0x18 ./USB_DEVICE/App/usbd_desc.o
                0x08007d20                USBD_FS_ConfigStrDescriptor
 .text.USBD_FS_InterfaceStrDescriptor
                0x08007d38       0x18 ./USB_DEVICE/App/usbd_desc.o
                0x08007d38                USBD_FS_InterfaceStrDescriptor
 .text.USBD_Get_USB_Status
                0x08007d50        0xc ./USB_DEVICE/Target/usbd_conf.o
 .text.HAL_PCD_MspInit
                0x08007d5c       0x40 ./USB_DEVICE/Target/usbd_conf.o
                0x08007d5c                HAL_PCD_MspInit
 .text.HAL_PCD_SetupStageCallback
                0x08007d9c        0xc ./USB_DEVICE/Target/usbd_conf.o
                0x08007d9c                HAL_PCD_SetupStageCallback
 .text.HAL_PCD_DataOutStageCallback
                0x08007da8       0x12 ./USB_DEVICE/Target/usbd_conf.o
                0x08007da8                HAL_PCD_DataOutStageCallback
 .text.HAL_PCD_DataInStageCallback
                0x08007dba       0x10 ./USB_DEVICE/Target/usbd_conf.o
                0x08007dba                HAL_PCD_DataInStageCallback
 .text.HAL_PCD_SOFCallback
                0x08007dca        0x8 ./USB_DEVICE/Target/usbd_conf.o
                0x08007dca                HAL_PCD_SOFCallback
 .text.HAL_PCD_ResetCallback
                0x08007dd2       0x24 ./USB_DEVICE/Target/usbd_conf.o
                0x08007dd2                HAL_PCD_ResetCallback
 *fill*         0x08007df6        0x2 
 .text.HAL_PCD_SuspendCallback
                0x08007df8       0x20 ./USB_DEVICE/Target/usbd_conf.o
                0x08007df8                HAL_PCD_SuspendCallback
 .text.HAL_PCD_ResumeCallback
                0x08007e18        0x8 ./USB_DEVICE/Target/usbd_conf.o
                0x08007e18                HAL_PCD_ResumeCallback
 .text.USBD_LL_Init
                0x08007e20       0x80 ./USB_DEVICE/Target/usbd_conf.o
                0x08007e20                USBD_LL_Init
 .text.USBD_LL_Start
                0x08007ea0       0x12 ./USB_DEVICE/Target/usbd_conf.o
                0x08007ea0                USBD_LL_Start
 .text.USBD_LL_OpenEP
                0x08007eb2       0x18 ./USB_DEVICE/Target/usbd_conf.o
                0x08007eb2                USBD_LL_OpenEP
 .text.USBD_LL_CloseEP
                0x08007eca       0x12 ./USB_DEVICE/Target/usbd_conf.o
                0x08007eca                USBD_LL_CloseEP
 .text.USBD_LL_StallEP
                0x08007edc       0x12 ./USB_DEVICE/Target/usbd_conf.o
                0x08007edc                USBD_LL_StallEP
 .text.USBD_LL_ClearStallEP
                0x08007eee       0x12 ./USB_DEVICE/Target/usbd_conf.o
                0x08007eee                USBD_LL_ClearStallEP
 .text.USBD_LL_IsStallEP
                0x08007f00       0x22 ./USB_DEVICE/Target/usbd_conf.o
                0x08007f00                USBD_LL_IsStallEP
 .text.USBD_LL_SetUSBAddress
                0x08007f22       0x12 ./USB_DEVICE/Target/usbd_conf.o
                0x08007f22                USBD_LL_SetUSBAddress
 .text.USBD_LL_Transmit
                0x08007f34       0x12 ./USB_DEVICE/Target/usbd_conf.o
                0x08007f34                USBD_LL_Transmit
 .text.USBD_LL_PrepareReceive
                0x08007f46       0x12 ./USB_DEVICE/Target/usbd_conf.o
                0x08007f46                USBD_LL_PrepareReceive
 .text.USBD_LL_GetRxDataSize
                0x08007f58        0x8 ./USB_DEVICE/Target/usbd_conf.o
                0x08007f58                USBD_LL_GetRxDataSize
 .text.USBD_static_malloc
                0x08007f60        0x8 ./USB_DEVICE/Target/usbd_conf.o
                0x08007f60                USBD_static_malloc
 .text.USBD_static_free
                0x08007f68        0x2 ./USB_DEVICE/Target/usbd_conf.o
                0x08007f68                USBD_static_free
 .text.HAL_PCDEx_SetConnectionState
                0x08007f6a        0x2 ./USB_DEVICE/Target/usbd_conf.o
                0x08007f6a                HAL_PCDEx_SetConnectionState
 .text.sqrtf    0x08007f6c       0x3c /opt/st/stm32cubeide_2.1.0/plugins/com.st.stm32cube.ide.mcu.externaltools.gnu-tools-for-stm32.14.3.rel1.linux64_1.0.100.202602081740/tools/bin/../lib/gcc/arm-none-eabi/14.3.1/../../../../arm-none-eabi/lib/thumb/v7-m/nofp/libm.a(libm_a-wf_sqrt.o)
                0x08007f6c                sqrtf
 .text.__ieee754_sqrtf
                0x08007fa8       0xe4 /opt/st/stm32cubeide_2.1.0/plugins/com.st.stm32cube.ide.mcu.externaltools.gnu-tools-for-stm32.14.3.rel1.linux64_1.0.100.202602081740/tools/bin/../lib/gcc/arm-none-eabi/14.3.1/../../../../arm-none-eabi/lib/thumb/v7-m/nofp/libm.a(libm_a-ef_sqrt.o)
                0x08007fa8                __ieee754_sqrtf
 .text.__cvt    0x0800808c       0xc8 /opt/st/stm32cubeide_2.1.0/plugins/com.st.stm32cube.ide.mcu.externaltools.gnu-tools-for-stm32.14.3.rel1.linux64_1.0.100.202602081740/tools/bin/../lib/gcc/arm-none-eabi/14.3.1/../../../../arm-none-eabi/lib/thumb/v7-m/nofp/libc_nano.a(libc_a-nano-vfprintf_float.o)
                0x0800808c                __cvt
 .text.__exponent
                0x08008154       0x74 /opt/st/stm32cubeide_2.1.0/plugins/com.st.stm32cube.ide.mcu.externaltools.gnu-tools-for-stm32.14.3.rel1.linux64_1.0.100.202602081740/tools/bin/../lib/gcc/arm-none-eabi/14.3.1/../../../../arm-none-eabi/lib/thumb/v7-m/nofp/libc_nano.a(libc_a-nano-vfprintf_float.o)
                0x08008154                __exponent
 .text._printf_float
                0x080081c8      0x458 /opt/st/stm32cubeide_2.1.0/plugins/com.st.stm32cube.ide.mcu.externaltools.gnu-tools-for-stm32.14.3.rel1.linux64_1.0.100.202602081740/tools/bin/../lib/gcc/arm-none-eabi/14.3.1/../../../../arm-none-eabi/lib/thumb/v7-m/nofp/libc_nano.a(libc_a-nano-vfprintf_float.o)
                0x080081c8                _printf_float
 .text._printf_common
                0x08008620       0xe4 /opt/st/stm32cubeide_2.1.0/plugins/com.st.stm32cube.ide.mcu.externaltools.gnu-tools-for-stm32.14.3.rel1.linux64_1.0.100.202602081740/tools/bin/../lib/gcc/arm-none-eabi/14.3.1/../../../../arm-none-eabi/lib/thumb/v7-m/nofp/libc_nano.a(libc_a-nano-vfprintf_i.o)
                0x08008620                _printf_common
 .text._printf_i
                0x08008704      0x24c /opt/st/stm32cubeide_2.1.0/plugins/com.st.stm32cube.ide.mcu.externaltools.gnu-tools-for-stm32.14.3.rel1.linux64_1.0.100.202602081740/tools/bin/../lib/gcc/arm-none-eabi/14.3.1/../../../../arm-none-eabi/lib/thumb/v7-m/nofp/libc_nano.a(libc_a-nano-vfprintf_i.o)
                0x08008704                _printf_i
 .text.std      0x08008950       0x6c /opt/st/stm32cubeide_2.1.0/plugins/com.st.stm32cube.ide.mcu.externaltools.gnu-tools-for-stm32.14.3.rel1.linux64_1.0.100.202602081740/tools/bin/../lib/gcc/arm-none-eabi/14.3.1/../../../../arm-none-eabi/lib/thumb/v7-m/nofp/libc_nano.a(libc_a-findfp.o)
 .text.stdio_exit_handler
                0x080089bc       0x18 /opt/st/stm32cubeide_2.1.0/plugins/com.st.stm32cube.ide.mcu.externaltools.gnu-tools-for-stm32.14.3.rel1.linux64_1.0.100.202602081740/tools/bin/../lib/gcc/arm-none-eabi/14.3.1/../../../../arm-none-eabi/lib/thumb/v7-m/nofp/libc_nano.a(libc_a-findfp.o)
 .text.cleanup_stdio
                0x080089d4       0x40 /opt/st/stm32cubeide_2.1.0/plugins/com.st.stm32cube.ide.mcu.externaltools.gnu-tools-for-stm32.14.3.rel1.linux64_1.0.100.202602081740/tools/bin/../lib/gcc/arm-none-eabi/14.3.1/../../../../arm-none-eabi/lib/thumb/v7-m/nofp/libc_nano.a(libc_a-findfp.o)
 .text.global_stdio_init.part.0
                0x08008a14       0x40 /opt/st/stm32cubeide_2.1.0/plugins/com.st.stm32cube.ide.mcu.externaltools.gnu-tools-for-stm32.14.3.rel1.linux64_1.0.100.202602081740/tools/bin/../lib/gcc/arm-none-eabi/14.3.1/../../../../arm-none-eabi/lib/thumb/v7-m/nofp/libc_nano.a(libc_a-findfp.o)
 .text.__sfp_lock_acquire
                0x08008a54        0xc /opt/st/stm32cubeide_2.1.0/plugins/com.st.stm32cube.ide.mcu.externaltools.gnu-tools-for-stm32.14.3.rel1.linux64_1.0.100.202602081740/tools/bin/../lib/gcc/arm-none-eabi/14.3.1/../../../../arm-none-eabi/lib/thumb/v7-m/nofp/libc_nano.a(libc_a-findfp.o)
                0x08008a54                __sfp_lock_acquire
 .text.__sfp_lock_release
                0x08008a60        0xc /opt/st/stm32cubeide_2.1.0/plugins/com.st.stm32cube.ide.mcu.externaltools.gnu-tools-for-stm32.14.3.rel1.linux64_1.0.100.202602081740/tools/bin/../lib/gcc/arm-none-eabi/14.3.1/../../../../arm-none-eabi/lib/thumb/v7-m/nofp/libc_nano.a(libc_a-findfp.o)
                0x08008a60                __sfp_lock_release
 .text.__sinit  0x08008a6c       0x30 /opt/st/stm32cubeide_2.1.0/plugins/com.st.stm32cube.ide.mcu.externaltools.gnu-tools-for-stm32.14.3.rel1.linux64_1.0.100.202602081740/tools/bin/../lib/gcc/arm-none-eabi/14.3.1/../../../../arm-none-eabi/lib/thumb/v7-m/nofp/libc_nano.a(libc_a-findfp.o)
                0x08008a6c                __sinit
 .text._fwalk_sglue
                0x08008a9c       0x3c /opt/st/stm32cubeide_2.1.0/plugins/com.st.stm32cube.ide.mcu.externaltools.gnu-tools-for-stm32.14.3.rel1.linux64_1.0.100.202602081740/tools/bin/../lib/gcc/arm-none-eabi/14.3.1/../../../../arm-none-eabi/lib/thumb/v7-m/nofp/libc_nano.a(libc_a-fwalk.o)
                0x08008a9c                _fwalk_sglue
 .text.printf   0x08008ad8       0x24 /opt/st/stm32cubeide_2.1.0/plugins/com.st.stm32cube.ide.mcu.externaltools.gnu-tools-for-stm32.14.3.rel1.linux64_1.0.100.202602081740/tools/bin/../lib/gcc/arm-none-eabi/14.3.1/../../../../arm-none-eabi/lib/thumb/v7-m/nofp/libc_nano.a(libc_a-printf.o)
                0x08008ad8                printf
                0x08008ad8                iprintf
 .text._puts_r  0x08008afc       0xaa /opt/st/stm32cubeide_2.1.0/plugins/com.st.stm32cube.ide.mcu.externaltools.gnu-tools-for-stm32.14.3.rel1.linux64_1.0.100.202602081740/tools/bin/../lib/gcc/arm-none-eabi/14.3.1/../../../../arm-none-eabi/lib/thumb/v7-m/nofp/libc_nano.a(libc_a-puts.o)
                0x08008afc                _puts_r
 *fill*         0x08008ba6        0x2 
 .text.puts     0x08008ba8       0x10 /opt/st/stm32cubeide_2.1.0/plugins/com.st.stm32cube.ide.mcu.externaltools.gnu-tools-for-stm32.14.3.rel1.linux64_1.0.100.202602081740/tools/bin/../lib/gcc/arm-none-eabi/14.3.1/../../../../arm-none-eabi/lib/thumb/v7-m/nofp/libc_nano.a(libc_a-puts.o)
                0x08008ba8                puts
 .text.__sread  0x08008bb8       0x22 /opt/st/stm32cubeide_2.1.0/plugins/com.st.stm32cube.ide.mcu.externaltools.gnu-tools-for-stm32.14.3.rel1.linux64_1.0.100.202602081740/tools/bin/../lib/gcc/arm-none-eabi/14.3.1/../../../../arm-none-eabi/lib/thumb/v7-m/nofp/libc_nano.a(libc_a-stdio.o)
                0x08008bb8                __sread
 .text.__swrite
                0x08008bda       0x38 /opt/st/stm32cubeide_2.1.0/plugins/com.st.stm32cube.ide.mcu.externaltools.gnu-tools-for-stm32.14.3.rel1.linux64_1.0.100.202602081740/tools/bin/../lib/gcc/arm-none-eabi/14.3.1/../../../../arm-none-eabi/lib/thumb/v7-m/nofp/libc_nano.a(libc_a-stdio.o)
                0x08008bda                __swrite
 .text.__sseek  0x08008c12       0x26 /opt/st/stm32cubeide_2.1.0/plugins/com.st.stm32cube.ide.mcu.externaltools.gnu-tools-for-stm32.14.3.rel1.linux64_1.0.100.202602081740/tools/bin/../lib/gcc/arm-none-eabi/14.3.1/../../../../arm-none-eabi/lib/thumb/v7-m/nofp/libc_nano.a(libc_a-stdio.o)
                0x08008c12                __sseek
 .text.__sclose
                0x08008c38        0x8 /opt/st/stm32cubeide_2.1.0/plugins/com.st.stm32cube.ide.mcu.externaltools.gnu-tools-for-stm32.14.3.rel1.linux64_1.0.100.202602081740/tools/bin/../lib/gcc/arm-none-eabi/14.3.1/../../../../arm-none-eabi/lib/thumb/v7-m/nofp/libc_nano.a(libc_a-stdio.o)
                0x08008c38                __sclose
 .text.__swbuf_r
                0x08008c40       0x7c /opt/st/stm32cubeide_2.1.0/plugins/com.st.stm32cube.ide.mcu.externaltools.gnu-tools-for-stm32.14.3.rel1.linux64_1.0.100.202602081740/tools/bin/../lib/gcc/arm-none-eabi/14.3.1/../../../../arm-none-eabi/lib/thumb/v7-m/nofp/libc_nano.a(libc_a-wbuf.o)
                0x08008c40                __swbuf_r
 .text.__swsetup_r
                0x08008cbc       0xa8 /opt/st/stm32cubeide_2.1.0/plugins/com.st.stm32cube.ide.mcu.externaltools.gnu-tools-for-stm32.14.3.rel1.linux64_1.0.100.202602081740/tools/bin/../lib/gcc/arm-none-eabi/14.3.1/../../../../arm-none-eabi/lib/thumb/v7-m/nofp/libc_nano.a(libc_a-wsetup.o)
                0x08008cbc                __swsetup_r
 .text.memset   0x08008d64       0x10 /opt/st/stm32cubeide_2.1.0/plugins/com.st.stm32cube.ide.mcu.externaltools.gnu-tools-for-stm32.14.3.rel1.linux64_1.0.100.202602081740/tools/bin/../lib/gcc/arm-none-eabi/14.3.1/../../../../arm-none-eabi/lib/thumb/v7-m/nofp/libc_nano.a(libc_a-memset.o)
                0x08008d64                memset
 .text._localeconv_r
                0x08008d74        0x8 /opt/st/stm32cubeide_2.1.0/plugins/com.st.stm32cube.ide.mcu.externaltools.gnu-tools-for-stm32.14.3.rel1.linux64_1.0.100.202602081740/tools/bin/../lib/gcc/arm-none-eabi/14.3.1/../../../../arm-none-eabi/lib/thumb/v7-m/nofp/libc_nano.a(libc_a-localeconv.o)
                0x08008d74                _localeconv_r
 .text._close_r
                0x08008d7c       0x20 /opt/st/stm32cubeide_2.1.0/plugins/com.st.stm32cube.ide.mcu.externaltools.gnu-tools-for-stm32.14.3.rel1.linux64_1.0.100.202602081740/tools/bin/../lib/gcc/arm-none-eabi/14.3.1/../../../../arm-none-eabi/lib/thumb/v7-m/nofp/libc_nano.a(libc_a-closer.o)
                0x08008d7c                _close_r
 .text._lseek_r
                0x08008d9c       0x24 /opt/st/stm32cubeide_2.1.0/plugins/com.st.stm32cube.ide.mcu.externaltools.gnu-tools-for-stm32.14.3.rel1.linux64_1.0.100.202602081740/tools/bin/../lib/gcc/arm-none-eabi/14.3.1/../../../../arm-none-eabi/lib/thumb/v7-m/nofp/libc_nano.a(libc_a-lseekr.o)
                0x08008d9c                _lseek_r
 .text._read_r  0x08008dc0       0x24 /opt/st/stm32cubeide_2.1.0/plugins/com.st.stm32cube.ide.mcu.externaltools.gnu-tools-for-stm32.14.3.rel1.linux64_1.0.100.202602081740/tools/bin/../lib/gcc/arm-none-eabi/14.3.1/../../../../arm-none-eabi/lib/thumb/v7-m/nofp/libc_nano.a(libc_a-readr.o)
                0x08008dc0                _read_r
 .text._write_r
                0x08008de4       0x24 /opt/st/stm32cubeide_2.1.0/plugins/com.st.stm32cube.ide.mcu.externaltools.gnu-tools-for-stm32.14.3.rel1.linux64_1.0.100.202602081740/tools/bin/../lib/gcc/arm-none-eabi/14.3.1/../../../../arm-none-eabi/lib/thumb/v7-m/nofp/libc_nano.a(libc_a-writer.o)
                0x08008de4                _write_r
 .text.__errno  0x08008e08        0xc /opt/st/stm32cubeide_2.1.0/plugins/com.st.stm32cube.ide.mcu.externaltools.gnu-tools-for-stm32.14.3.rel1.linux64_1.0.100.202602081740/tools/bin/../lib/gcc/arm-none-eabi/14.3.1/../../../../arm-none-eabi/lib/thumb/v7-m/nofp/libc_nano.a(libc_a-errno.o)
                0x08008e08                __errno
 .text.__libc_init_array
                0x08008e14       0x48 /opt/st/stm32cubeide_2.1.0/plugins/com.st.stm32cube.ide.mcu.externaltools.gnu-tools-for-stm32.14.3.rel1.linux64_1.0.100.202602081740/tools/bin/../lib/gcc/arm-none-eabi/14.3.1/../../../../arm-none-eabi/lib/thumb/v7-m/nofp/libc_nano.a(libc_a-init.o)
                0x08008e14                __libc_init_array
 .text.__retarget_lock_init_recursive
                0x08008e5c        0x2 /opt/st/stm32cubeide_2.1.0/plugins/com.st.stm32cube.ide.mcu.externaltools.gnu-tools-for-stm32.14.3.rel1.linux64_1.0.100.202602081740/tools/bin/../lib/gcc/arm-none-eabi/14.3.1/../../../../arm-none-eabi/lib/thumb/v7-m/nofp/libc_nano.a(libc_a-lock.o)
                0x08008e5c                __retarget_lock_init_recursive
 .text.__retarget_lock_acquire_recursive
                0x08008e5e        0x2 /opt/st/stm32cubeide_2.1.0/plugins/com.st.stm32cube.ide.mcu.externaltools.gnu-tools-for-stm32.14.3.rel1.linux64_1.0.100.202602081740/tools/bin/../lib/gcc/arm-none-eabi/14.3.1/../../../../arm-none-eabi/lib/thumb/v7-m/nofp/libc_nano.a(libc_a-lock.o)
                0x08008e5e                __retarget_lock_acquire_recursive
 .text.__retarget_lock_release_recursive
                0x08008e60        0x2 /opt/st/stm32cubeide_2.1.0/plugins/com.st.stm32cube.ide.mcu.externaltools.gnu-tools-for-stm32.14.3.rel1.linux64_1.0.100.202602081740/tools/bin/../lib/gcc/arm-none-eabi/14.3.1/../../../../arm-none-eabi/lib/thumb/v7-m/nofp/libc_nano.a(libc_a-lock.o)
                0x08008e60                __retarget_lock_release_recursive
 .text.memchr   0x08008e62       0x1c /opt/st/stm32cubeide_2.1.0/plugins/com.st.stm32cube.ide.mcu.externaltools.gnu-tools-for-stm32.14.3.rel1.linux64_1.0.100.202602081740/tools/bin/../lib/gcc/arm-none-eabi/14.3.1/../../../../arm-none-eabi/lib/thumb/v7-m/nofp/libc_nano.a(libc_a-memchr-stub.o)
                0x08008e62                memchr
 .text.memcpy   0x08008e7e       0x1c /opt/st/stm32cubeide_2.1.0/plugins/com.st.stm32cube.ide.mcu.externaltools.gnu-tools-for-stm32.14.3.rel1.linux64_1.0.100.202602081740/tools/bin/../lib/gcc/arm-none-eabi/14.3.1/../../../../arm-none-eabi/lib/thumb/v7-m/nofp/libc_nano.a(libc_a-memcpy-stub.o)
                0x08008e7e                memcpy
 .text.quorem   0x08008e9a      0x110 /opt/st/stm32cubeide_2.1.0/plugins/com.st.stm32cube.ide.mcu.externaltools.gnu-tools-for-stm32.14.3.rel1.linux64_1.0.100.202602081740/tools/bin/../lib/gcc/arm-none-eabi/14.3.1/../../../../arm-none-eabi/lib/thumb/v7-m/nofp/libc_nano.a(libc_a-dtoa.o)
 *fill*         0x08008faa        0x6 
 .text._dtoa_r  0x08008fb0      0xbcc /opt/st/stm32cubeide_2.1.0/plugins/com.st.stm32cube.ide.mcu.externaltools.gnu-tools-for-stm32.14.3.rel1.linux64_1.0.100.202602081740/tools/bin/../lib/gcc/arm-none-eabi/14.3.1/../../../../arm-none-eabi/lib/thumb/v7-m/nofp/libc_nano.a(libc_a-dtoa.o)
                0x08008fb0                _dtoa_r
 .text._free_r  0x08009b7c       0x90 /opt/st/stm32cubeide_2.1.0/plugins/com.st.stm32cube.ide.mcu.externaltools.gnu-tools-for-stm32.14.3.rel1.linux64_1.0.100.202602081740/tools/bin/../lib/gcc/arm-none-eabi/14.3.1/../../../../arm-none-eabi/lib/thumb/v7-m/nofp/libc_nano.a(libc_a-freer.o)
                0x08009b7c                _free_r
 .text.malloc   0x08009c0c       0x10 /opt/st/stm32cubeide_2.1.0/plugins/com.st.stm32cube.ide.mcu.externaltools.gnu-tools-for-stm32.14.3.rel1.linux64_1.0.100.202602081740/tools/bin/../lib/gcc/arm-none-eabi/14.3.1/../../../../arm-none-eabi/lib/thumb/v7-m/nofp/libc_nano.a(libc_a-malloc.o)
                0x08009c0c                malloc
 .text.sbrk_aligned
                0x08009c1c       0x44 /opt/st/stm32cubeide_2.1.0/plugins/com.st.stm32cube.ide.mcu.externaltools.gnu-tools-for-stm32.14.3.rel1.linux64_1.0.100.202602081740/tools/bin/../lib/gcc/arm-none-eabi/14.3.1/../../../../arm-none-eabi/lib/thumb/v7-m/nofp/libc_nano.a(libc_a-mallocr.o)
 .text._malloc_r
                0x08009c60      0x100 /opt/st/stm32cubeide_2.1.0/plugins/com.st.stm32cube.ide.mcu.externaltools.gnu-tools-for-stm32.14.3.rel1.linux64_1.0.100.202602081740/tools/bin/../lib/gcc/arm-none-eabi/14.3.1/../../../../arm-none-eabi/lib/thumb/v7-m/nofp/libc_nano.a(libc_a-mallocr.o)
                0x08009c60                _malloc_r
 .text.__malloc_lock
                0x08009d60        0xc /opt/st/stm32cubeide_2.1.0/plugins/com.st.stm32cube.ide.mcu.externaltools.gnu-tools-for-stm32.14.3.rel1.linux64_1.0.100.202602081740/tools/bin/../lib/gcc/arm-none-eabi/14.3.1/../../../../arm-none-eabi/lib/thumb/v7-m/nofp/libc_nano.a(libc_a-mlock.o)
                0x08009d60                __malloc_lock
 .text.__malloc_unlock
                0x08009d6c        0xc /opt/st/stm32cubeide_2.1.0/plugins/com.st.stm32cube.ide.mcu.externaltools.gnu-tools-for-stm32.14.3.rel1.linux64_1.0.100.202602081740/tools/bin/../lib/gcc/arm-none-eabi/14.3.1/../../../../arm-none-eabi/lib/thumb/v7-m/nofp/libc_nano.a(libc_a-mlock.o)
                0x08009d6c                __malloc_unlock
 .text._Balloc  0x08009d78       0x7c /opt/st/stm32cubeide_2.1.0/plugins/com.st.stm32cube.ide.mcu.externaltools.gnu-tools-for-stm32.14.3.rel1.linux64_1.0.100.202602081740/tools/bin/../lib/gcc/arm-none-eabi/14.3.1/../../../../arm-none-eabi/lib/thumb/v7-m/nofp/libc_nano.a(libc_a-mprec.o)
                0x08009d78                _Balloc
 .text._Bfree   0x08009df4       0x44 /opt/st/stm32cubeide_2.1.0/plugins/com.st.stm32cube.ide.mcu.externaltools.gnu-tools-for-stm32.14.3.rel1.linux64_1.0.100.202602081740/tools/bin/../lib/gcc/arm-none-eabi/14.3.1/../../../../arm-none-eabi/lib/thumb/v7-m/nofp/libc_nano.a(libc_a-mprec.o)
                0x08009df4                _Bfree
 .text.__multadd
                0x08009e38       0x8c /opt/st/stm32cubeide_2.1.0/plugins/com.st.stm32cube.ide.mcu.externaltools.gnu-tools-for-stm32.14.3.rel1.linux64_1.0.100.202602081740/tools/bin/../lib/gcc/arm-none-eabi/14.3.1/../../../../arm-none-eabi/lib/thumb/v7-m/nofp/libc_nano.a(libc_a-mprec.o)
                0x08009e38                __multadd
 .text.__hi0bits
                0x08009ec4       0x3e /opt/st/stm32cubeide_2.1.0/plugins/com.st.stm32cube.ide.mcu.externaltools.gnu-tools-for-stm32.14.3.rel1.linux64_1.0.100.202602081740/tools/bin/../lib/gcc/arm-none-eabi/14.3.1/../../../../arm-none-eabi/lib/thumb/v7-m/nofp/libc_nano.a(libc_a-mprec.o)
                0x08009ec4                __hi0bits
 .text.__lo0bits
                0x08009f02       0x5a /opt/st/stm32cubeide_2.1.0/plugins/com.st.stm32cube.ide.mcu.externaltools.gnu-tools-for-stm32.14.3.rel1.linux64_1.0.100.202602081740/tools/bin/../lib/gcc/arm-none-eabi/14.3.1/../../../../arm-none-eabi/lib/thumb/v7-m/nofp/libc_nano.a(libc_a-mprec.o)
                0x08009f02                __lo0bits
 .text.__i2b    0x08009f5c       0x2c /opt/st/stm32cubeide_2.1.0/plugins/com.st.stm32cube.ide.mcu.externaltools.gnu-tools-for-stm32.14.3.rel1.linux64_1.0.100.202602081740/tools/bin/../lib/gcc/arm-none-eabi/14.3.1/../../../../arm-none-eabi/lib/thumb/v7-m/nofp/libc_nano.a(libc_a-mprec.o)
                0x08009f5c                __i2b
 .text.__multiply
                0x08009f88      0x150 /opt/st/stm32cubeide_2.1.0/plugins/com.st.stm32cube.ide.mcu.externaltools.gnu-tools-for-stm32.14.3.rel1.linux64_1.0.100.202602081740/tools/bin/../lib/gcc/arm-none-eabi/14.3.1/../../../../arm-none-eabi/lib/thumb/v7-m/nofp/libc_nano.a(libc_a-mprec.o)
                0x08009f88                __multiply
 .text.__pow5mult
                0x0800a0d8       0xb8 /opt/st/stm32cubeide_2.1.0/plugins/com.st.stm32cube.ide.mcu.externaltools.gnu-tools-for-stm32.14.3.rel1.linux64_1.0.100.202602081740/tools/bin/../lib/gcc/arm-none-eabi/14.3.1/../../../../arm-none-eabi/lib/thumb/v7-m/nofp/libc_nano.a(libc_a-mprec.o)
                0x0800a0d8                __pow5mult
 .text.__lshift
                0x0800a190       0xd8 /opt/st/stm32cubeide_2.1.0/plugins/com.st.stm32cube.ide.mcu.externaltools.gnu-tools-for-stm32.14.3.rel1.linux64_1.0.100.202602081740/tools/bin/../lib/gcc/arm-none-eabi/14.3.1/../../../../arm-none-eabi/lib/thumb/v7-m/nofp/libc_nano.a(libc_a-mprec.o)
                0x0800a190                __lshift
 .text.__mcmp   0x0800a268       0x36 /opt/st/stm32cubeide_2.1.0/plugins/com.st.stm32cube.ide.mcu.externaltools.gnu-tools-for-stm32.14.3.rel1.linux64_1.0.100.202602081740/tools/bin/../lib/gcc/arm-none-eabi/14.3.1/../../../../arm-none-eabi/lib/thumb/v7-m/nofp/libc_nano.a(libc_a-mprec.o)
                0x0800a268                __mcmp
 *fill*         0x0800a29e        0x2 
 .text.__mdiff  0x0800a2a0      0x130 /opt/st/stm32cubeide_2.1.0/plugins/com.st.stm32cube.ide.mcu.externaltools.gnu-tools-for-stm32.14.3.rel1.linux64_1.0.100.202602081740/tools/bin/../lib/gcc/arm-none-eabi/14.3.1/../../../../arm-none-eabi/lib/thumb/v7-m/nofp/libc_nano.a(libc_a-mprec.o)
                0x0800a2a0                __mdiff
 .text.__d2b    0x0800a3d0       0xb0 /opt/st/stm32cubeide_2.1.0/plugins/com.st.stm32cube.ide.mcu.externaltools.gnu-tools-for-stm32.14.3.rel1.linux64_1.0.100.202602081740/tools/bin/../lib/gcc/arm-none-eabi/14.3.1/../../../../arm-none-eabi/lib/thumb/v7-m/nofp/libc_nano.a(libc_a-mprec.o)
                0x0800a3d0                __d2b
 .text.__sfputc_r
                0x0800a480       0x2a /opt/st/stm32cubeide_2.1.0/plugins/com.st.stm32cube.ide.mcu.externaltools.gnu-tools-for-stm32.14.3.rel1.linux64_1.0.100.202602081740/tools/bin/../lib/gcc/arm-none-eabi/14.3.1/../../../../arm-none-eabi/lib/thumb/v7-m/nofp/libc_nano.a(libc_a-nano-vfprintf.o)
 .text.__sfputs_r
                0x0800a4aa       0x24 /opt/st/stm32cubeide_2.1.0/plugins/com.st.stm32cube.ide.mcu.externaltools.gnu-tools-for-stm32.14.3.rel1.linux64_1.0.100.202602081740/tools/bin/../lib/gcc/arm-none-eabi/14.3.1/../../../../arm-none-eabi/lib/thumb/v7-m/nofp/libc_nano.a(libc_a-nano-vfprintf.o)
                0x0800a4aa                __sfputs_r
 *fill*         0x0800a4ce        0x2 
 .text._vfprintf_r
                0x0800a4d0      0x228 /opt/st/stm32cubeide_2.1.0/plugins/com.st.stm32cube.ide.mcu.externaltools.gnu-tools-for-stm32.14.3.rel1.linux64_1.0.100.202602081740/tools/bin/../lib/gcc/arm-none-eabi/14.3.1/../../../../arm-none-eabi/lib/thumb/v7-m/nofp/libc_nano.a(libc_a-nano-vfprintf.o)
                0x0800a4d0                _vfiprintf_r
                0x0800a4d0                _vfprintf_r
 .text.__sflush_r
                0x0800a6f8       0xfc /opt/st/stm32cubeide_2.1.0/plugins/com.st.stm32cube.ide.mcu.externaltools.gnu-tools-for-stm32.14.3.rel1.linux64_1.0.100.202602081740/tools/bin/../lib/gcc/arm-none-eabi/14.3.1/../../../../arm-none-eabi/lib/thumb/v7-m/nofp/libc_nano.a(libc_a-fflush.o)
                0x0800a6f8                __sflush_r
 .text._fflush_r
                0x0800a7f4       0x50 /opt/st/stm32cubeide_2.1.0/plugins/com.st.stm32cube.ide.mcu.externaltools.gnu-tools-for-stm32.14.3.rel1.linux64_1.0.100.202602081740/tools/bin/../lib/gcc/arm-none-eabi/14.3.1/../../../../arm-none-eabi/lib/thumb/v7-m/nofp/libc_nano.a(libc_a-fflush.o)
                0x0800a7f4                _fflush_r
 .text.__swhatbuf_r
                0x0800a844       0x48 /opt/st/stm32cubeide_2.1.0/plugins/com.st.stm32cube.ide.mcu.externaltools.gnu-tools-for-stm32.14.3.rel1.linux64_1.0.100.202602081740/tools/bin/../lib/gcc/arm-none-eabi/14.3.1/../../../../arm-none-eabi/lib/thumb/v7-m/nofp/libc_nano.a(libc_a-makebuf.o)
                0x0800a844                __swhatbuf_r
 .text.__smakebuf_r
                0x0800a88c       0x72 /opt/st/stm32cubeide_2.1.0/plugins/com.st.stm32cube.ide.mcu.externaltools.gnu-tools-for-stm32.14.3.rel1.linux64_1.0.100.202602081740/tools/bin/../lib/gcc/arm-none-eabi/14.3.1/../../../../arm-none-eabi/lib/thumb/v7-m/nofp/libc_nano.a(libc_a-makebuf.o)
                0x0800a88c                __smakebuf_r
 *fill*         0x0800a8fe        0x2 
 .text._fstat_r
                0x0800a900       0x24 /opt/st/stm32cubeide_2.1.0/plugins/com.st.stm32cube.ide.mcu.externaltools.gnu-tools-for-stm32.14.3.rel1.linux64_1.0.100.202602081740/tools/bin/../lib/gcc/arm-none-eabi/14.3.1/../../../../arm-none-eabi/lib/thumb/v7-m/nofp/libc_nano.a(libc_a-fstatr.o)
                0x0800a900                _fstat_r
 .text._isatty_r
                0x0800a924       0x20 /opt/st/stm32cubeide_2.1.0/plugins/com.st.stm32cube.ide.mcu.externaltools.gnu-tools-for-stm32.14.3.rel1.linux64_1.0.100.202602081740/tools/bin/../lib/gcc/arm-none-eabi/14.3.1/../../../../arm-none-eabi/lib/thumb/v7-m/nofp/libc_nano.a(libc_a-isattyr.o)
                0x0800a924                _isatty_r
 .text._sbrk_r  0x0800a944       0x20 /opt/st/stm32cubeide_2.1.0/plugins/com.st.stm32cube.ide.mcu.externaltools.gnu-tools-for-stm32.14.3.rel1.linux64_1.0.100.202602081740/tools/bin/../lib/gcc/arm-none-eabi/14.3.1/../../../../arm-none-eabi/lib/thumb/v7-m/nofp/libc_nano.a(libc_a-sbrkr.o)
                0x0800a944                _sbrk_r
 .text.__assert_func
                0x0800a964       0x3c /opt/st/stm32cubeide_2.1.0/plugins/com.st.stm32cube.ide.mcu.externaltools.gnu-tools-for-stm32.14.3.rel1.linux64_1.0.100.202602081740/tools/bin/../lib/gcc/arm-none-eabi/14.3.1/../../../../arm-none-eabi/lib/thumb/v7-m/nofp/libc_nano.a(libc_a-assert.o)
                0x0800a964                __assert_func
 .text._calloc_r
                0x0800a9a0       0x28 /opt/st/stm32cubeide_2.1.0/plugins/com.st.stm32cube.ide.mcu.externaltools.gnu-tools-for-stm32.14.3.rel1.linux64_1.0.100.202602081740/tools/bin/../lib/gcc/arm-none-eabi/14.3.1/../../../../arm-none-eabi/lib/thumb/v7-m/nofp/libc_nano.a(libc_a-callocr.o)
                0x0800a9a0                _calloc_r
 .text.__ascii_mbtowc
                0x0800a9c8       0x24 /opt/st/stm32cubeide_2.1.0/plugins/com.st.stm32cube.ide.mcu.externaltools.gnu-tools-for-stm32.14.3.rel1.linux64_1.0.100.202602081740/tools/bin/../lib/gcc/arm-none-eabi/14.3.1/../../../../arm-none-eabi/lib/thumb/v7-m/nofp/libc_nano.a(libc_a-mbtowc_r.o)
                0x0800a9c8                __ascii_mbtowc
 .text.__ascii_wctomb
                0x0800a9ec       0x1a /opt/st/stm32cubeide_2.1.0/plugins/com.st.stm32cube.ide.mcu.externaltools.gnu-tools-for-stm32.14.3.rel1.linux64_1.0.100.202602081740/tools/bin/../lib/gcc/arm-none-eabi/14.3.1/../../../../arm-none-eabi/lib/thumb/v7-m/nofp/libc_nano.a(libc_a-wctomb_r.o)
                0x0800a9ec                __ascii_wctomb
 *fill*         0x0800aa06        0x2 
 .text.fprintf  0x0800aa08       0x24 /opt/st/stm32cubeide_2.1.0/plugins/com.st.stm32cube.ide.mcu.externaltools.gnu-tools-for-stm32.14.3.rel1.linux64_1.0.100.202602081740/tools/bin/../lib/gcc/arm-none-eabi/14.3.1/../../../../arm-none-eabi/lib/thumb/v7-m/nofp/libc_nano.a(libc_a-fprintf.o)
                0x0800aa08                fprintf
                0x0800aa08                fiprintf
 .text.abort    0x0800aa2c        0xe /opt/st/stm32cubeide_2.1.0/plugins/com.st.stm32cube.ide.mcu.externaltools.gnu-tools-for-stm32.14.3.rel1.linux64_1.0.100.202602081740/tools/bin/../lib/gcc/arm-none-eabi/14.3.1/../../../../arm-none-eabi/lib/thumb/v7-m/nofp/libc_nano.a(libc_a-abort.o)
                0x0800aa2c                abort
 .text._raise_r
                0x0800aa3a       0x50 /opt/st/stm32cubeide_2.1.0/plugins/com.st.stm32cube.ide.mcu.externaltools.gnu-tools-for-stm32.14.3.rel1.linux64_1.0.100.202602081740/tools/bin/../lib/gcc/arm-none-eabi/14.3.1/../../../../arm-none-eabi/lib/thumb/v7-m/nofp/libc_nano.a(libc_a-signal.o)
                0x0800aa3a                _raise_r
 *fill*         0x0800aa8a        0x2 
 .text.raise    0x0800aa8c       0x10 /opt/st/stm32cubeide_2.1.0/plugins/com.st.stm32cube.ide.mcu.externaltools.gnu-tools-for-stm32.14.3.rel1.linux64_1.0.100.202602081740/tools/bin/../lib/gcc/arm-none-eabi/14.3.1/../../../../arm-none-eabi/lib/thumb/v7-m/nofp/libc_nano.a(libc_a-signal.o)
                0x0800aa8c                raise
 .text._kill_r  0x0800aa9c       0x24 /opt/st/stm32cubeide_2.1.0/plugins/com.st.stm32cube.ide.mcu.externaltools.gnu-tools-for-stm32.14.3.rel1.linux64_1.0.100.202602081740/tools/bin/../lib/gcc/arm-none-eabi/14.3.1/../../../../arm-none-eabi/lib/thumb/v7-m/nofp/libc_nano.a(libc_a-signalr.o)
                0x0800aa9c                _kill_r
 .text._getpid_r
                0x0800aac0        0x4 /opt/st/stm32cubeide_2.1.0/plugins/com.st.stm32cube.ide.mcu.externaltools.gnu-tools-for-stm32.14.3.rel1.linux64_1.0.100.202602081740/tools/bin/../lib/gcc/arm-none-eabi/14.3.1/../../../../arm-none-eabi/lib/thumb/v7-m/nofp/libc_nano.a(libc_a-signalr.o)
                0x0800aac0                _getpid_r
 *(.glue_7)
 .glue_7        0x0800aac4        0x0 linker stubs
 *(.glue_7t)
 .glue_7t       0x0800aac4        0x0 linker stubs
 *(.eh_frame)
 .eh_frame      0x0800aac4        0x0 /opt/st/stm32cubeide_2.1.0/plugins/com.st.stm32cube.ide.mcu.externaltools.gnu-tools-for-stm32.14.3.rel1.linux64_1.0.100.202602081740/tools/bin/../lib/gcc/arm-none-eabi/14.3.1/thumb/v7-m/nofp/crtbegin.o
 *(.init)
 .init          0x0800aac4        0x4 /opt/st/stm32cubeide_2.1.0/plugins/com.st.stm32cube.ide.mcu.externaltools.gnu-tools-for-stm32.14.3.rel1.linux64_1.0.100.202602081740/tools/bin/../lib/gcc/arm-none-eabi/14.3.1/thumb/v7-m/nofp/crti.o
                0x0800aac4                _init
 .init          0x0800aac8        0x8 /opt/st/stm32cubeide_2.1.0/plugins/com.st.stm32cube.ide.mcu.externaltools.gnu-tools-for-stm32.14.3.rel1.linux64_1.0.100.202602081740/tools/bin/../lib/gcc/arm-none-eabi/14.3.1/thumb/v7-m/nofp/crtn.o
 *(.fini)
 .fini          0x0800aad0        0x4 /opt/st/stm32cubeide_2.1.0/plugins/com.st.stm32cube.ide.mcu.externaltools.gnu-tools-for-stm32.14.3.rel1.linux64_1.0.100.202602081740/tools/bin/../lib/gcc/arm-none-eabi/14.3.1/thumb/v7-m/nofp/crti.o
                0x0800aad0                _fini
 .fini          0x0800aad4        0x8 /opt/st/stm32cubeide_2.1.0/plugins/com.st.stm32cube.ide.mcu.externaltools.gnu-tools-for-stm32.14.3.rel1.linux64_1.0.100.202602081740/tools/bin/../lib/gcc/arm-none-eabi/14.3.1/thumb/v7-m/nofp/crtn.o
                0x0800aadc                        . = ALIGN (0x4)
                0x0800aadc                        _etext = .

.vfp11_veneer   0x0800aadc        0x0
 .vfp11_veneer  0x0800aadc        0x0 linker stubs

.v4_bx          0x0800aadc        0x0
 .v4_bx         0x0800aadc        0x0 linker stubs

.iplt           0x0800aadc        0x0
 .iplt          0x0800aadc        0x0 /opt/st/stm32cubeide_2.1.0/plugins/com.st.stm32cube.ide.mcu.externaltools.gnu-tools-for-stm32.14.3.rel1.linux64_1.0.100.202602081740/tools/bin/../lib/gcc/arm-none-eabi/14.3.1/thumb/v7-m/nofp/crtbegin.o

.rodata         0x0800aae0      0x654
                0x0800aae0                        . = ALIGN (0x4)
 *(.rodata)
 .rodata        0x0800aae0       0x70 ./Core/Src/Ethernet.o
 .rodata        0x0800ab50       0x80 ./Core/Src/USB_Data_Transreciver.o
 .rodata        0x0800abd0       0x10 ./Drivers/Ethernet_W550/wizchip_port.o
 *(.rodata*)
 .rodata.APBPrescTable
                0x0800abe0        0x8 ./Core/Src/system_stm32f1xx.o
                0x0800abe0                APBPrescTable
 .rodata.AHBPrescTable
                0x0800abe8       0x10 ./Core/Src/system_stm32f1xx.o
                0x0800abe8                AHBPrescTable
 .rodata.W5500_Init.str1.1
                0x0800abf8      0x30a ./Drivers/Ethernet_W550/wizchip_port.o
                                0x157 (size before relaxing)
 .rodata.aPredivFactorTable.0
                0x0800af02        0x2 ./Drivers/STM32F1xx_HAL_Driver/Src/stm32f1xx_hal_rcc.o
 .rodata.aPLLMULFactorTable.1
                0x0800af04       0x10 ./Drivers/STM32F1xx_HAL_Driver/Src/stm32f1xx_hal_rcc.o
 .rodata.aPredivFactorTable.0
                0x0800af14        0x2 ./Drivers/STM32F1xx_HAL_Driver/Src/stm32f1xx_hal_rcc_ex.o
 .rodata.aPLLMULFactorTable.1
                0x0800af16       0x10 ./Drivers/STM32F1xx_HAL_Driver/Src/stm32f1xx_hal_rcc_ex.o
 .rodata.USBD_FS_ManufacturerStrDescriptor.str1.1
                0x0800af26       0x13 ./USB_DEVICE/App/usbd_desc.o
 .rodata.USBD_FS_ProductStrDescriptor.str1.1
                0x0800af26       0x16 ./USB_DEVICE/App/usbd_desc.o
 .rodata.USBD_FS_ConfigStrDescriptor.str1.1
                0x0800af26        0xb ./USB_DEVICE/App/usbd_desc.o
 .rodata.USBD_FS_InterfaceStrDescriptor.str1.1
                0x0800af26        0xe ./USB_DEVICE/App/usbd_desc.o
 *fill*         0x0800af26        0x2 
 .rodata.tiny   0x0800af28        0x4 /opt/st/stm32cubeide_2.1.0/plugins/com.st.stm32cube.ide.mcu.externaltools.gnu-tools-for-stm32.14.3.rel1.linux64_1.0.100.202602081740/tools/bin/../lib/gcc/arm-none-eabi/14.3.1/../../../../arm-none-eabi/lib/thumb/v7-m/nofp/libm.a(libm_a-ef_sqrt.o)
 .rodata.one    0x0800af2c        0x4 /opt/st/stm32cubeide_2.1.0/plugins/com.st.stm32cube.ide.mcu.externaltools.gnu-tools-for-stm32.14.3.rel1.linux64_1.0.100.202602081740/tools/bin/../lib/gcc/arm-none-eabi/14.3.1/../../../../arm-none-eabi/lib/thumb/v7-m/nofp/libm.a(libm_a-ef_sqrt.o)
 .rodata._printf_float.str1.1
                0x0800af30       0x12 /opt/st/stm32cubeide_2.1.0/plugins/com.st.stm32cube.ide.mcu.externaltools.gnu-tools-for-stm32.14.3.rel1.linux64_1.0.100.202602081740/tools/bin/../lib/gcc/arm-none-eabi/14.3.1/../../../../arm-none-eabi/lib/thumb/v7-m/nofp/libc_nano.a(libc_a-nano-vfprintf_float.o)
 .rodata._printf_i.str1.1
                0x0800af30       0x22 /opt/st/stm32cubeide_2.1.0/plugins/com.st.stm32cube.ide.mcu.externaltools.gnu-tools-for-stm32.14.3.rel1.linux64_1.0.100.202602081740/tools/bin/../lib/gcc/arm-none-eabi/14.3.1/../../../../arm-none-eabi/lib/thumb/v7-m/nofp/libc_nano.a(libc_a-nano-vfprintf_i.o)
 .rodata._dtoa_r.str1.1
                0x0800af30       0x8f /opt/st/stm32cubeide_2.1.0/plugins/com.st.stm32cube.ide.mcu.externaltools.gnu-tools-for-stm32.14.3.rel1.linux64_1.0.100.202602081740/tools/bin/../lib/gcc/arm-none-eabi/14.3.1/../../../../arm-none-eabi/lib/thumb/v7-m/nofp/libc_nano.a(libc_a-dtoa.o)
 .rodata._Balloc.str1.1
                0x0800af30       0x70 /opt/st/stm32cubeide_2.1.0/plugins/com.st.stm32cube.ide.mcu.externaltools.gnu-tools-for-stm32.14.3.rel1.linux64_1.0.100.202602081740/tools/bin/../lib/gcc/arm-none-eabi/14.3.1/../../../../arm-none-eabi/lib/thumb/v7-m/nofp/libc_nano.a(libc_a-mprec.o)
 .rodata.__multadd.str1.1